[    0.000000] Initializing cgroup subsys cpuset
[    0.000000] Initializing cgroup subsys cpu
[    0.000000] Initializing cgroup subsys cpuacct
[    0.000000] Linux version 4.4.0-210-generic (buildd@lgw01-amd64-009) (gcc version 5.4.0 20160609 (Ubuntu 5.4.0-6ubuntu1~16.04.12) ) #242-Ubuntu SMP Fri Apr 16 09:57:56 UTC 2021 (Ubuntu 4.4.0-210.242-generic 4.4.262)
[    0.000000] Command line: BOOT_IMAGE=/boot/vmlinuz-4.4.0-210-generic root=LABEL=cloudimg-rootfs ro console=tty1 console=ttyS0
[    0.000000] KERNEL supported cpus:
[    0.000000]   Intel GenuineIntel
[    0.000000]   AMD AuthenticAMD
[    0.000000]   Centaur CentaurHauls
[    0.000000] x86/fpu: xstate_offset[2]:  576, xstate_sizes[2]:  256
[    0.000000] x86/fpu: Supporting XSAVE feature 0x01: 'x87 floating point registers'
[    0.000000] x86/fpu: Supporting XSAVE feature 0x02: 'SSE registers'
[    0.000000] x86/fpu: Supporting XSAVE feature 0x04: 'AVX registers'
[    0.000000] x86/fpu: Enabled xstate features 0x7, context size is 832 bytes, using 'standard' format.
[    0.000000] e820: BIOS-provided physical RAM map:
[    0.000000] BIOS-e820: [mem 0x0000000000000000-0x000000000009fbff] usable
[    0.000000] BIOS-e820: [mem 0x000000000009fc00-0x000000000009ffff] reserved
[    0.000000] BIOS-e820: [mem 0x00000000000f0000-0x00000000000fffff] reserved
[    0.000000] BIOS-e820: [mem 0x0000000000100000-0x000000003ffeffff] usable
[    0.000000] BIOS-e820: [mem 0x000000003fff0000-0x000000003fffffff] ACPI data
[    0.000000] BIOS-e820: [mem 0x00000000fec00000-0x00000000fec00fff] reserved
[    0.000000] BIOS-e820: [mem 0x00000000fee00000-0x00000000fee00fff] reserved
[    0.000000] BIOS-e820: [mem 0x00000000fffc0000-0x00000000ffffffff] reserved
[    0.000000] NX (Execute Disable) protection: active
[    0.000000] SMBIOS 2.5 present.
[    0.000000] Hypervisor detected: KVM
[    0.000000] e820: last_pfn = 0x3fff0 max_arch_pfn = 0x400000000
[    0.000000] MTRR: Disabled
[    0.000000] x86/PAT: MTRRs disabled, skipping PAT initialization too.
[    0.000000] CPU MTRRs all blank - virtualized system.
[    0.000000] x86/PAT: Configuration [0-7]: WB  WT  UC- UC  WB  WT  UC- UC  
[    0.000000] found SMP MP-table at [mem 0x0009fff0-0x0009ffff] mapped at [ffff88000009fff0]
[    0.000000] Scanning 1 areas for low memory corruption
[    0.000000] RAMDISK: [mem 0x362dc000-0x37165fff]
[    0.000000] ACPI: Early table checksum verification disabled
[    0.000000] ACPI: RSDP 0x00000000000E0000 000024 (v02 VBOX  )
[    0.000000] ACPI: XSDT 0x000000003FFF0030 00003C (v01 VBOX   VBOXXSDT 00000001 ASL  00000061)
[    0.000000] ACPI: FACP 0x000000003FFF00F0 0000F4 (v04 VBOX   VBOXFACP 00000001 ASL  00000061)
[    0.000000] ACPI: DSDT 0x000000003FFF0470 002325 (v02 VBOX   VBOXBIOS 00000002 INTL 20190509)
[    0.000000] ACPI: FACS 0x000000003FFF0200 000040
[    0.000000] ACPI: FACS 0x000000003FFF0200 000040
[    0.000000] ACPI: APIC 0x000000003FFF0240 00005C (v02 VBOX   VBOXAPIC 00000001 ASL  00000061)
[    0.000000] ACPI: SSDT 0x000000003FFF02A0 0001CC (v01 VBOX   VBOXCPUT 00000002 INTL 20190509)
[    0.000000] No NUMA configuration found
[    0.000000] Faking a node at [mem 0x0000000000000000-0x000000003ffeffff]
[    0.000000] NODE_DATA(0) allocated [mem 0x3ffeb000-0x3ffeffff]
[    0.000000] kvm-clock: Using msrs 4b564d01 and 4b564d00
[    0.000000] kvm-clock: cpu 0, msr 0:3ffe3001, primary cpu clock
[    0.000000] kvm-clock: using sched offset of 3029440477 cycles
[    0.000000] clocksource: kvm-clock: mask: 0xffffffffffffffff max_cycles: 0x1cd42e4dffb, max_idle_ns: 881590591483 ns
[    0.000000] Zone ranges:
[    0.000000]   DMA      [mem 0x0000000000001000-0x0000000000ffffff]
[    0.000000]   DMA32    [mem 0x0000000001000000-0x000000003ffeffff]
[    0.000000]   Normal   empty
[    0.000000]   Device   empty
[    0.000000] Movable zone start for each node
[    0.000000] Early memory node ranges
[    0.000000]   node   0: [mem 0x0000000000001000-0x000000000009efff]
[    0.000000]   node   0: [mem 0x0000000000100000-0x000000003ffeffff]
[    0.000000] Initmem setup node 0 [mem 0x0000000000001000-0x000000003ffeffff]
[    0.000000] ACPI: PM-Timer IO Port: 0x4008
[    0.000000] IOAPIC[0]: apic_id 2, version 32, address 0xfec00000, GSI 0-23
[    0.000000] ACPI: INT_SRC_OVR (bus 0 bus_irq 0 global_irq 2 dfl dfl)
[    0.000000] ACPI: INT_SRC_OVR (bus 0 bus_irq 9 global_irq 9 low level)
[    0.000000] Using ACPI (MADT) for SMP configuration information
[    0.000000] smpboot: Allowing 2 CPUs, 0 hotplug CPUs
[    0.000000] PM: Registered nosave memory: [mem 0x00000000-0x00000fff]
[    0.000000] PM: Registered nosave memory: [mem 0x0009f000-0x0009ffff]
[    0.000000] PM: Registered nosave memory: [mem 0x000a0000-0x000effff]
[    0.000000] PM: Registered nosave memory: [mem 0x000f0000-0x000fffff]
[    0.000000] e820: [mem 0x40000000-0xfebfffff] available for PCI devices
[    0.000000] Booting paravirtualized kernel on KVM
[    0.000000] clocksource: refined-jiffies: mask: 0xffffffff max_cycles: 0xffffffff, max_idle_ns: 7645519600211568 ns
[    0.000000] setup_percpu: NR_CPUS:512 nr_cpumask_bits:512 nr_cpu_ids:2 nr_node_ids:1
[    0.000000] PERCPU: Embedded 33 pages/cpu @ffff88003fc00000 s95192 r8192 d31784 u1048576
[    0.000000] Built 1 zonelists in Node order, mobility grouping on.  Total pages: 257912
[    0.000000] Policy zone: DMA32
[    0.000000] Kernel command line: BOOT_IMAGE=/boot/vmlinuz-4.4.0-210-generic root=LABEL=cloudimg-rootfs ro console=tty1 console=ttyS0
[    0.000000] PID hash table entries: 4096 (order: 3, 32768 bytes)
[    0.000000] Memory: 997792K/1048120K available (8644K kernel code, 1332K rwdata, 4044K rodata, 1492K init, 1164K bss, 50328K reserved, 0K cma-reserved)
[    0.000000] SLUB: HWalign=64, Order=0-3, MinObjects=0, CPUs=2, Nodes=1
[    0.000000] Kernel/User page tables isolation: enabled
[    0.000000] Hierarchical RCU implementation.
[    0.000000] 	Build-time adjustment of leaf fanout to 64.
[    0.000000] 	RCU restricting CPUs from NR_CPUS=512 to nr_cpu_ids=2.
[    0.000000] RCU: Adjusting geometry for rcu_fanout_leaf=64, nr_cpu_ids=2
[    0.000000] NR_IRQS:33024 nr_irqs:440 16
[    0.000000] Console: colour VGA+ 80x25
[    0.000000] console [tty1] enabled
[    0.000000] console [ttyS0] enabled
[    0.000000] tsc: Detected 3499.994 MHz processor
[    0.097518] Calibrating delay loop (skipped) preset value.. 6999.98 BogoMIPS (lpj=13999976)
[    0.098735] pid_max: default: 32768 minimum: 301
[    0.099471] ACPI: Core revision 20150930
[    0.100646] ACPI: 2 ACPI AML tables successfully acquired and loaded
[    0.101626] Security Framework initialized
[    0.102263] Yama: becoming mindful.
[    0.102824] AppArmor: AppArmor initialized
[    0.103542] Dentry cache hash table entries: 131072 (order: 8, 1048576 bytes)
[    0.105293] Inode-cache hash table entries: 65536 (order: 7, 524288 bytes)
[    0.106194] Mount-cache hash table entries: 2048 (order: 2, 16384 bytes)
[    0.107022] Mountpoint-cache hash table entries: 2048 (order: 2, 16384 bytes)
[    0.107983] Initializing cgroup subsys io
[    0.108546] Initializing cgroup subsys memory
[    0.109222] Initializing cgroup subsys devices
[    0.109992] Initializing cgroup subsys freezer
[    0.110663] Initializing cgroup subsys net_cls
[    0.111829] Initializing cgroup subsys perf_event
[    0.112558] Initializing cgroup subsys net_prio
[    0.114608] Initializing cgroup subsys hugetlb
[    0.119410] Initializing cgroup subsys pids
[    0.127380] mce: CPU supports 0 MCE banks
[    0.130654] Last level iTLB entries: 4KB 1024, 2MB 1024, 4MB 1024
[    0.131497] Last level dTLB entries: 4KB 1024, 2MB 1024, 4MB 1024, 1GB 4
[    0.132373] Spectre V1 : Mitigation: usercopy/swapgs barriers and __user pointer sanitization
[    0.133660] Spectre V2 : Mitigation: Full generic retpoline
[    0.134441] Spectre V2 : Spectre v2 / SpectreRSB mitigation: Filling RSB on context switch
[    0.135848] Speculative Store Bypass: Vulnerable
[    0.136669] SRBDS: Unknown: Dependent on hypervisor status
[    0.138623] MDS: Mitigation: Clear CPU buffers
[    0.142972] Freeing SMP alternatives memory: 36K
[    0.148377] ftrace: allocating 32380 entries in 127 pages
[    0.192989] smpboot: APIC(0) Converting physical 0 to logical package 0
[    0.193950] smpboot: Max logical packages: 1
[    0.194762] x2apic enabled
[    0.195403] Switched APIC routing to physical x2apic.
[    0.198167] ..TIMER: vector=0x30 apic1=0 pin1=2 apic2=-1 pin2=-1
[    0.313238] smpboot: CPU0: Intel(R) Core(TM) i5-4690K CPU @ 3.50GHz (family: 0x6, model: 0x3c, stepping: 0x3)
[    0.314729] Performance Events: unsupported p6 CPU model 60 no PMU driver, software events only.
[    0.323864] KVM setup paravirtual spinlock
[    0.325032] x86: Booting SMP configuration:
[    0.325667] .... node  #0, CPUs:      #1
[    0.326276] kvm-clock: cpu 1, msr 0:3ffe3041, secondary cpu clock
[    0.332496] mce: CPU supports 0 MCE banks
[    0.334881] x86: Booted up 1 node, 2 CPUs
[    0.335581] smpboot: Total of 2 processors activated (13999.97 BogoMIPS)
[    0.336663] devtmpfs: initialized
[    0.338090] evm: security.selinux
[    0.338581] evm: security.SMACK64
[    0.339075] evm: security.SMACK64EXEC
[    0.339671] evm: security.SMACK64TRANSMUTE
[    0.340229] evm: security.SMACK64MMAP
[    0.340762] evm: security.ima
[    0.341209] evm: security.capability
[    0.341903] clocksource: jiffies: mask: 0xffffffff max_cycles: 0xffffffff, max_idle_ns: 7645041785100000 ns
[    0.343145] futex hash table entries: 512 (order: 3, 32768 bytes)
[    0.344007] pinctrl core: initialized pinctrl subsystem
[    0.344750] RTC time: 18:46:13, date: 12/26/21
[    0.345537] NET: Registered protocol family 16
[    0.357624] cpuidle: using governor ladder
[    0.371579] cpuidle: using governor menu
[    0.375685] PCCT header not found.
[    0.376315] ACPI: bus type PCI registered
[    0.378317] acpiphp: ACPI Hot Plug PCI Controller Driver version: 0.5
[    0.391087] PCI: Using configuration type 1 for base access
[    0.405636] ACPI: Added _OSI(Module Device)
[    0.406291] ACPI: Added _OSI(Processor Device)
[    0.406928] ACPI: Added _OSI(3.0 _SCP Extensions)
[    0.407567] ACPI: Added _OSI(Processor Aggregator Device)
[    0.408758] ACPI: Executed 1 blocks of module-level executable AML code
[    0.413693] ACPI: Interpreter enabled
[    0.414472] ACPI: (supports S0 S5)
[    0.415071] ACPI: Using IOAPIC for interrupt routing
[    0.416403] PCI: Using host bridge windows from ACPI; if necessary, use "pci=nocrs" and report a bug
[    0.419957] ACPI: PCI Root Bridge [PCI0] (domain 0000 [bus 00-ff])
[    0.420717] acpi PNP0A03:00: _OSC: OS supports [ASPM ClockPM Segments MSI]
[    0.422048] acpi PNP0A03:00: _OSC: not requesting OS control; OS requires [ExtendedConfig ASPM ClockPM MSI]
[    0.423513] acpi PNP0A03:00: fail to add MMCONFIG information, can't access extended PCI configuration space under this bridge.
[    0.425478] PCI host bridge to bus 0000:00
[    0.426146] pci_bus 0000:00: root bus resource [io  0x0000-0x0cf7 window]
[    0.427198] pci_bus 0000:00: root bus resource [io  0x0d00-0xffff window]
[    0.428136] pci_bus 0000:00: root bus resource [mem 0x000a0000-0x000bffff window]
[    0.429301] pci_bus 0000:00: root bus resource [mem 0x40000000-0xfdffffff window]
[    0.430681] pci_bus 0000:00: root bus resource [bus 00-ff]
[    0.432545] pci 0000:00:01.1: legacy IDE quirk: reg 0x10: [io  0x01f0-0x01f7]
[    0.433592] pci 0000:00:01.1: legacy IDE quirk: reg 0x14: [io  0x03f6]
[    0.434507] pci 0000:00:01.1: legacy IDE quirk: reg 0x18: [io  0x0170-0x0177]
[    0.441762] pci 0000:00:01.1: legacy IDE quirk: reg 0x1c: [io  0x0376]
[    0.455057] pci 0000:00:07.0: quirk: [io  0x4000-0x403f] claimed by PIIX4 ACPI
[    0.456479] pci 0000:00:07.0: quirk: [io  0x4100-0x410f] claimed by PIIX4 SMB
[    0.466462] ACPI: PCI Interrupt Link [LNKA] (IRQs 5 9 10 *11)
[    0.468428] ACPI: PCI Interrupt Link [LNKB] (IRQs 5 9 *10 11)
[    0.470420] ACPI: PCI Interrupt Link [LNKC] (IRQs 5 *9 10 11)
[    0.472746] ACPI: PCI Interrupt Link [LNKD] (IRQs 5 9 10 *11)
[    0.475055] ACPI: Enabled 2 GPEs in block 00 to 07
[    0.476260] vgaarb: setting as boot device: PCI:0000:00:02.0
[    0.477716] vgaarb: device added: PCI:0000:00:02.0,decodes=io+mem,owns=io+mem,locks=none
[    0.478933] vgaarb: loaded
[    0.479625] vgaarb: bridge control possible 0000:00:02.0
[    0.480656] SCSI subsystem initialized
[    0.481484] ACPI: bus type USB registered
[    0.482551] usbcore: registered new interface driver usbfs
[    0.483277] usbcore: registered new interface driver hub
[    0.483968] usbcore: registered new device driver usb
[    0.485733] PCI: Using ACPI for IRQ routing
[    0.486983] NetLabel: Initializing
[    0.487501] NetLabel:  domain hash size = 128
[    0.488110] NetLabel:  protocols = UNLABELED CIPSOv4
[    0.489008] NetLabel:  unlabeled traffic allowed by default
[    0.489976] amd_nb: Cannot enumerate AMD northbridges
[    0.492144] clocksource: Switched to clocksource kvm-clock
[    0.497894] AppArmor: AppArmor Filesystem Enabled
[    0.498705] pnp: PnP ACPI init
[    0.499939] pnp: PnP ACPI: found 3 devices
[    0.508216] clocksource: acpi_pm: mask: 0xffffff max_cycles: 0xffffff, max_idle_ns: 2085701024 ns
[    0.509569] NET: Registered protocol family 2
[    0.510576] TCP established hash table entries: 8192 (order: 4, 65536 bytes)
[    0.511727] TCP bind hash table entries: 8192 (order: 5, 131072 bytes)
[    0.512828] TCP: Hash tables configured (established 8192 bind 8192)
[    0.513663] UDP hash table entries: 512 (order: 2, 16384 bytes)
[    0.514687] UDP-Lite hash table entries: 512 (order: 2, 16384 bytes)
[    0.516005] NET: Registered protocol family 1
[    0.516725] pci 0000:00:00.0: Limiting direct PCI/PCI transfers
[    0.517493] pci 0000:00:01.0: Activating ISA DMA hang workarounds
[    0.518345] Unpacking initramfs...
[    0.671148] Freeing initrd memory: 14888K
[    0.672161] RAPL PMU detected, API unit is 2^-32 Joules, 4 fixed counters 10737418240 ms ovfl timer
[    0.673416] hw unit of domain pp0-core 2^-0 Joules
[    0.674069] hw unit of domain package 2^-0 Joules
[    0.674720] hw unit of domain dram 2^-0 Joules
[    0.675316] hw unit of domain pp1-gpu 2^-0 Joules
[    0.675934] clocksource: tsc: mask: 0xffffffffffffffff max_cycles: 0x32734b4358f, max_idle_ns: 440795367814 ns
[    0.677281] platform rtc_cmos: registered platform RTC device (no PNP device found)
[    0.678353] Scanning for low memory corruption every 60 seconds
[    0.679365] audit: initializing netlink subsys (disabled)
[    0.680116] audit: type=2000 audit(1640544378.055:1): initialized
[    0.681086] Initialise system trusted keyring
[    0.682603] HugeTLB registered 2 MB page size, pre-allocated 0 pages
[    0.685171] zbud: loaded
[    0.685855] VFS: Disk quotas dquot_6.6.0
[    0.686435] VFS: Dquot-cache hash table entries: 512 (order 0, 4096 bytes)
[    0.687442] squashfs: version 4.0 (2009/01/31) Phillip Lougher
[    0.688438] fuse init (API version 7.23)
[    0.689083] Key type big_key registered
[    0.689626] Allocating IMA MOK and blacklist keyrings.
[    0.691146] Key type asymmetric registered
[    0.692083] Asymmetric key parser 'x509' registered
[    0.692784] Block layer SCSI generic (bsg) driver version 0.4 loaded (major 249)
[    0.693834] io scheduler noop registered
[    0.694388] io scheduler deadline registered (default)
[    0.695077] io scheduler cfq registered
[    0.695685] pci_hotplug: PCI Hot Plug PCI Core version: 0.5
[    0.696407] pciehp: PCI Express Hot Plug Controller Driver version: 0.4
[    0.697311] ACPI: AC Adapter [AC] (on-line)
[    0.697942] input: Power Button as /devices/LNXSYSTM:00/LNXPWRBN:00/input/input0
[    0.698929] ACPI: Power Button [PWRF]
[    0.699508] input: Sleep Button as /devices/LNXSYSTM:00/LNXSLPBN:00/input/input1
[    0.700527] ACPI: Sleep Button [SLPF]
[    0.701210] GHES: HEST is not enabled!
[    0.701923] Serial: 8250/16550 driver, 32 ports, IRQ sharing enabled
[    0.723039] 00:02: ttyS0 at I/O 0x3f8 (irq = 4, base_baud = 115200) is a 16550A
[    0.725010] Linux agpgart interface v0.103
[    0.726607] loop: module loaded
[    0.727472] scsi host0: ata_piix
[    0.728213] scsi host1: ata_piix
[    0.728715] ata1: PATA max UDMA/33 cmd 0x1f0 ctl 0x3f6 bmdma 0xd000 irq 14
[    0.729559] ata2: PATA max UDMA/33 cmd 0x170 ctl 0x376 bmdma 0xd008 irq 15
[    0.730451] libphy: Fixed MDIO Bus: probed
[    0.731039] tun: Universal TUN/TAP device driver, 1.6
[    0.731734] tun: (C) 1999-2004 Max Krasnyansky <maxk@qualcomm.com>
[    0.732859] PPP generic driver version 2.4.2
[    0.733498] ehci_hcd: USB 2.0 'Enhanced' Host Controller (EHCI) Driver
[    0.734314] ehci-pci: EHCI PCI platform driver
[    0.734972] ehci-platform: EHCI generic platform driver
[    0.735770] ohci_hcd: USB 1.1 'Open' Host Controller (OHCI) Driver
[    0.736549] ohci-pci: OHCI PCI platform driver
[    0.737149] ohci-platform: OHCI generic platform driver
[    0.737854] uhci_hcd: USB Universal Host Controller Interface driver
[    0.738686] i8042: PNP: PS/2 Controller [PNP0303:PS2K,PNP0f03:PS2M] at 0x60,0x64 irq 1,12
[    0.740126] serio: i8042 KBD port at 0x60,0x64 irq 1
[    0.740779] serio: i8042 AUX port at 0x60,0x64 irq 12
[    0.741699] mousedev: PS/2 mouse device common for all mice
[    0.742849] input: AT Translated Set 2 keyboard as /devices/platform/i8042/serio0/input/input2
[    0.744025] rtc_cmos rtc_cmos: rtc core: registered rtc_cmos as rtc0
[    0.744940] rtc_cmos rtc_cmos: alarms up to one day, 114 bytes nvram
[    0.746470] i2c /dev entries driver
[    0.747571] device-mapper: uevent: version 1.0.3
[    0.749013] device-mapper: ioctl: 4.34.0-ioctl (2015-10-28) initialised: dm-devel@redhat.com
[    0.750137] ledtrig-cpu: registered to indicate activity on CPUs
[    0.751192] NET: Registered protocol family 10
[    0.751944] NET: Registered protocol family 17
[    0.752882] Key type dns_resolver registered
[    0.753669] registered taskstats version 1
[    0.754244] Loading compiled-in X.509 certificates
[    0.755343] Loaded X.509 cert 'Build time autogenerated kernel key: cf00e047681d67edb2720680708b7d9498083038'
[    0.756642] zswap: loaded using pool lzo/zbud
[    0.758548] Key type trusted registered
[    0.761473] Key type encrypted registered
[    0.762233] AppArmor: AppArmor sha1 policy hashing enabled
[    0.763052] ima: No TPM chip found, activating TPM-bypass!
[    0.763896] ima: Allocated hash algorithm: sha1
[    0.764667] evm: HMAC attrs: 0x1
[    0.765482]   Magic number: 1:139:798
[    0.766175] rtc_cmos rtc_cmos: setting system clock to 2021-12-26 18:46:13 UTC (1640544373)
[    0.767562] BIOS EDD facility v0.16 2004-Jun-25, 0 devices found
[    0.768454] EDD information not available.
[    0.994184] Freeing unused kernel memory: 1492K
[    0.997767] Write protecting the kernel read-only data: 14336k
[    1.001199] Freeing unused kernel memory: 1584K
[    1.002202] Freeing unused kernel memory: 52K
Loading, please wait...
starting version 229
[    1.027947] random: systemd-udevd: uninitialized urandom read (16 bytes read, 2 bits of entropy available)
[    1.028466] random: udevadm: uninitialized urandom read (16 bytes read, 2 bits of entropy available)
[    1.028486] random: udevadm: uninitialized urandom read (16 bytes read, 2 bits of entropy available)
[    1.032159] random: systemd-udevd: uninitialized urandom read (16 bytes read, 2 bits of entropy available)
[    1.033604] random: systemd-udevd: uninitialized urandom read (16 bytes read, 2 bits of entropy available)
[    1.034850] random: udevadm: uninitialized urandom read (16 bytes read, 2 bits of entropy available)
[    1.034891] random: udevadm: uninitialized urandom read (16 bytes read, 2 bits of entropy available)
[    1.035008] random: udevadm: uninitialized urandom read (16 bytes read, 2 bits of entropy available)
[    1.035051] random: udevadm: uninitialized urandom read (16 bytes read, 2 bits of entropy available)
[    1.035095] random: udevadm: uninitialized urandom read (16 bytes read, 2 bits of entropy available)
[    1.071795] e1000: Intel(R) PRO/1000 Network Driver - version 7.3.21-k8-NAPI
[    1.072848] e1000: Copyright (c) 1999-2006 Intel Corporation.
[    1.077438] Fusion MPT base driver 3.04.20
[    1.078198] Copyright (c) 1999-2008 LSI Corporation
[    1.085215] Fusion MPT SPI Host driver 3.04.20
[    1.088780] AVX2 version of gcm_enc/dec engaged.
[    1.089597] AES CTR mode by8 optimization enabled
[    1.285527] input: ImExPS/2 Generic Explorer Mouse as /devices/platform/i8042/serio1/input/input4
[    1.405970] e1000 0000:00:03.0 eth0: (PCI:33MHz:32-bit) 02:be:82:6b:cc:1d
[    1.406910] e1000 0000:00:03.0 eth0: Intel(R) PRO/1000 Network Connection
[    1.985846] e1000 0000:00:08.0 eth1: (PCI:33MHz:32-bit) 08:00:27:ef:e0:f6
[    1.986757] e1000 0000:00:08.0 eth1: Intel(R) PRO/1000 Network Connection
[    1.988327] mptbase: ioc0: Initiating bringup
[    1.989422] e1000 0000:00:03.0 enp0s3: renamed from eth0
[    2.000183] e1000 0000:00:08.0 enp0s8: renamed from eth1
[    2.056380] ioc0: LSI53C1030 A0: Capabilities={Initiator}
[    2.221048] scsi host2: ioc0: LSI53C1030 A0, FwRev=00000000h, Ports=1, MaxQ=256, IRQ=20
[    2.336186] scsi 2:0:0:0: Direct-Access     VBOX     HARDDISK         1.0  PQ: 0 ANSI: 5
[    2.340211] scsi target2:0:0: Beginning Domain Validation
[    2.360054] scsi target2:0:0: Domain Validation skipping write tests
[    2.387220] scsi target2:0:0: Ending Domain Validation
[    2.390293] scsi target2:0:0: asynchronous
[    2.397077] scsi 2:0:1:0: Direct-Access     VBOX     HARDDISK         1.0  PQ: 0 ANSI: 5
[    2.401109] scsi target2:0:1: Beginning Domain Validation
[    2.406957] scsi target2:0:1: Domain Validation skipping write tests
[    2.408517] scsi target2:0:1: Ending Domain Validation
[    2.414912] scsi target2:0:1: asynchronous
[    2.439200] sd 2:0:0:0: Attached scsi generic sg0 type 0
[    2.440781] sd 2:0:0:0: [sda] 83886080 512-byte logical blocks: (42.9 GB/40.0 GiB)
[    2.443377] sd 2:0:1:0: [sdb] 20480 512-byte logical blocks: (10.5 MB/10.0 MiB)
[    2.444379] sd 2:0:1:0: Attached scsi generic sg1 type 0
[    2.445585] sd 2:0:1:0: [sdb] Write Protect is off
[    2.446501] sd 2:0:1:0: [sdb] Incomplete mode parameter data
[    2.447297] sd 2:0:1:0: [sdb] Assuming drive cache: write through
[    2.448778] sd 2:0:0:0: [sda] Write Protect is off
[    2.449590] sd 2:0:1:0: [sdb] Attached SCSI disk
[    2.452713] sd 2:0:0:0: [sda] Incomplete mode parameter data
[    2.454227] sd 2:0:0:0: [sda] Assuming drive cache: write through
[    2.458132]  sda: sda1
[    2.459531] sd 2:0:0:0: [sda] Attached SCSI disk
Begin: Loading essential drivers ... [    3.900096] md: linear personality registered for level -1
[    3.902717] md: multipath personality registered for level -4
[    3.905629] md: raid0 personality registered for level 0
[    3.909172] md: raid1 personality registered for level 1
[    3.984662] raid6: sse2x1   gen() 13046 MB/s
[    4.053292] raid6: sse2x1   xor() 10492 MB/s
[    4.120501] raid6: sse2x2   gen() 16023 MB/s
[    4.188328] raid6: sse2x2   xor() 11082 MB/s
[    4.257184] raid6: sse2x4   gen()  9833 MB/s
[    4.325122] raid6: sse2x4   xor()  5664 MB/s
[    4.391880] raid6: avx2x1   gen() 12181 MB/s
[    4.459921] raid6: avx2x2   gen() 25412 MB/s
[    4.529041] raid6: avx2x4   gen() 11501 MB/s
[    4.530079] raid6: using algorithm avx2x2 gen() 25412 MB/s
[    4.531165] raid6: using avx2x2 recovery algorithm
[    4.550834] xor: automatically using best checksumming function:
[    4.591846]    avx       : 34285.000 MB/sec
[    4.593309] async_tx: api initialized (async)
[    4.599916] md: raid6 personality registered for level 6
[    4.601070] md: raid5 personality registered for level 5
[    4.601748] md: raid4 personality registered for level 4
[    4.607431] md: raid10 personality registered for level 10
done.
Begin: Running /scripts/init-premount ... done.
Begin: Mounting root file system ... Begin: Running /scripts/local-top ... done.
Begin: Running /scripts/local-premount ... [    4.651463] Btrfs loaded
Scanning for Btrfs filesystems
done.
Warning: fsck not present, so skipping root file system
[    4.678595] EXT4-fs (sda1): mounted filesystem with ordered data mode. Opts: (null)
done.
Begin: Running /scripts/local-bottom ... done.
Begin: Running /scripts/init-bottom ... done.
[    4.781421] systemd[1]: systemd 229 running in system mode. (+PAM +AUDIT +SELINUX +IMA +APPARMOR +SMACK +SYSVINIT +UTMP +LIBCRYPTSETUP +GCRYPT +GNUTLS +ACL +XZ -LZ4 +SECCOMP +BLKID +ELFUTILS +KMOD -IDN)
[    4.785080] systemd[1]: Detected virtualization oracle.
[    4.785797] systemd[1]: Detected architecture x86-64.

Welcome to [1mUbuntu 16.04.7 LTS[0m!

[    4.788633] systemd[1]: Set hostname to <ubuntu>.
[    4.791404] systemd[1]: Initializing machine ID from random generator.
[    4.792460] systemd[1]: Installed transient /etc/machine-id file.
[    4.927265] systemd[1]: Listening on LVM2 poll daemon socket.
[[0;32m  OK  [0m] Listening on LVM2 poll daemon socket.
[    4.930122] systemd[1]: Started Forward Password Requests to Wall Directory Watch.
[[0;32m  OK  [0m] Started Forward Password Requests to Wall Directory Watch.
[    4.933470] systemd[1]: Set up automount Arbitrary Executable File Formats File System Automount Point.
[[0;32m  OK  [0m] Set up automount Arbitrary Executab...ats File System Automount Point.
[    4.936889] systemd[1]: Created slice User and Session Slice.
[[0;32m  OK  [0m] Created slice User and Session Slice.
[    4.939847] systemd[1]: Listening on Device-mapper event daemon FIFOs.
[[0;32m  OK  [0m] Listening on Device-mapper event daemon FIFOs.
[    4.941779] systemd[1]: Listening on udev Control Socket.
[[0;32m  OK  [0m] Listening on udev Control Socket.
[    4.943137] systemd[1]: Listening on Syslog Socket.
[[0;32m  OK  [0m] Listening on Syslog Socket.
[    4.944299] systemd[1]: Listening on LVM2 metadata daemon socket.
[[0;32m  OK  [0m] Listening on LVM2 metadata daemon socket.
[    4.945634] systemd[1]: Listening on Journal Audit Socket.
[[0;32m  OK  [0m] Listening on Journal Audit Socket.
[    4.946726] systemd[1]: Reached target Swap.
[[0;32m  OK  [0m] Reached target Swap.
[    4.947929] systemd[1]: Created slice System Slice.
[[0;32m  OK  [0m] Created slice System Slice.
[    4.949082] systemd[1]: Reached target User and Group Name Lookups.
[[0;32m  OK  [0m] Reached target User and Group Name Lookups.
[    4.950410] systemd[1]: Listening on udev Kernel Socket.
[[0;32m  OK  [0m] Listening on udev Kernel Socket.
[    4.951565] systemd[1]: Reached target Encrypted Volumes.
[[0;32m  OK  [0m] Reached target Encrypted Volumes.
[    4.952803] systemd[1]: Listening on /dev/initctl Compatibility Named Pipe.
[[0;32m  OK  [0m] Listening on /dev/initctl Compatibility Named Pipe.
[    4.954305] systemd[1]: Reached target Slices.
[[0;32m  OK  [0m] Reached target Slices.
[    4.960482] systemd[1]: Listening on fsck to fsckd communication Socket.
[[0;32m  OK  [0m] Listening on fsck to fsckd communication Socket.
[    4.962117] systemd[1]: Listening on Journal Socket.
[[0;32m  OK  [0m] Listening on Journal Socket.
[    4.980078] systemd[1]: Mounting Huge Pages File System...
         Mounting Huge Pages File System...
[    4.984560] systemd[1]: Mounting POSIX Message Queue File System...
         Mounting POSIX Message Queue File System...
[    4.990597] systemd[1]: Starting Load Kernel Modules...
         Starting Load Kernel Modules...
[    4.992585] systemd[1]: Starting File System Check on Root Device...
         Starting File System Check on Root Device...
[    4.999725] Loading iSCSI transport class v2.0-870.
[    5.001083] systemd[1]: Mounting Debug File System...
         Mounting Debug File System...
[    5.003505] systemd[1]: Starting Create list of required static device nodes for the current kernel...
         Starting Create list of required st... nodes for the current kernel...
[    5.008002] systemd[1]: Starting Monitoring of LVM2 mirrors, snapshots etc. using dmeventd or progress polling...
         Starting Monitoring of LVM2 mirrors... dmeventd or progress polling...
[    5.011380] systemd[1]: Starting Nameserver information manager...
[    5.012323] iscsi: registered transport (tcp)
         Starting Nameserver information manager...
[    5.020521] systemd[1]: Starting Uncomplicated firewall...
         Starting Uncomplicated firewall...
[    5.023048] systemd[1]: Starting Set console keymap...
         Starting Set console keymap...
[    5.025627] systemd[1]: Started Trigger resolvconf update for networkd DNS.
[[0;32m  OK  [0m] Started Trigger resolvconf update for networkd DNS.
[    5.029185] systemd[1]: Listening on Journal Socket (/dev/log).
[[0;32m  OK  [0m] Listening on Journal Socket (/dev/log).
[    5.031545] systemd[1]: Starting Journal Service...
         Starting Journal Service...
[    5.040024] systemd[1]: Reached target System Time Synchronized.
[[0;32m  OK  [0m] Reached target System Time Synchronized.
[    5.041991] systemd[1]: Created slice system-serial\x2dgetty.slice.
[[0;32m  OK  [0m] Created slice system-serial\x2dgetty.slice.
[    5.045598] systemd[1]: Mounted Huge Pages File System.
[[0;32m  OK  [0m] Mounted Huge Pages File System.
[    5.046941] systemd[1]: Mounted POSIX Message Queue File System.
[[0;32m  OK  [0m] Mounted POSIX Message Queue File System.
[    5.048400] systemd[1]: Mounted Debug File System.
[[0;32m  OK  [0m] Mounted Debug File System.
[    5.050020] systemd[1]: Started File System Check on Root Device.
[[0;32m  OK  [0m] Started File System Check on Root Device.
[    5.053425] systemd[1]: Started Create list of required static device nodes for the current kernel.
[[0;32m  OK  [0m] Started Create list of required sta...ce nodes for the current kernel.
[    5.056810] systemd[1]: Started Uncomplicated firewall.
[[0;32m  OK  [0m] Started Uncomplicated firewall.
[    5.060324] systemd[1]: Started Nameserver information manager.
[[0;32m  OK  [0m] Started Nameserver information manager.
[    5.068416] systemd[1]: Started Set console keymap.
[[0;32m  OK  [0m] Started Set console keymap.
[    5.070485] systemd[1]: Started Journal Service.
[[0;32m  OK  [0m] Started Journal Service.
[[0;32m  OK  [0m] Started File System Check Daemon to report status.
[[0;32m  OK  [0m] Started LVM2 metadata daemon.
[    5.074911] iscsi: registered transport (iser)
         Starting Create Static Device Nodes in /dev...
         Starting Remount Root and Kernel File Systems...
[[0;32m  OK  [0m] Started Load Kernel Modules.
[[0;32m  OK  [0m] Started Create Static Device Nodes in /dev.
         Starting udev Kernel Device Manager...
[    5.090112] EXT4-fs (sda1): re-mounted. Opts: (null)
         Mounting FUSE Control File System...
         Starting Apply Kernel Variables...
[[0;32m  OK  [0m] Mounted FUSE Control File System.
[[0;32m  OK  [0m] Started Remount Root and Kernel File Systems.
         Starting udev Coldplug all Devices...
         Starting Flush Journal to Persistent Storage...
         Starting Load/Save Random Seed...
[[0;32m  OK  [0m] Started Load/Save Random Seed.
[[0;32m  OK  [0m] Started Apply Kernel Variables.
[[0;32m  OK  [0m] Started udev Kernel Device Manager.
[[0;32m  OK  [0m] Started Flush Journal to Persistent Storage.
[[0;32m  OK  [0m] Started udev Coldplug all Devices.
[[0;32m  OK  [0m] Started Dispatch Password Requests to Console Directory Watch.
[[0;32m  OK  [0m] Found device /dev/ttyS0.
[[0;32m  OK  [0m] Started Monitoring of LVM2 mirrors,...ng dmeventd or progress polling.
[[0;32m  OK  [0m] Reached target Local File Systems (Pre).
[[0;32m  OK  [0m] Reached target Local File Systems.
         Starting Set console font and keymap...
         Starting Initial cloud-init job (pre-networking)...
         Starting Tell Plymouth To Write Out Runtime Data...
         Starting Create Volatile Files and Directories...
         Starting LSB: AppArmor initialization...
         Starting Commit a transient machine-id on disk...
[[0;32m  OK  [0m] Started Create Volatile Files and Directories.
         Starting Update UTMP about System Boot/Shutdown...
[[0;32m  OK  [0m] Started Tell Plymouth To Write Out Runtime Data.
[[0;32m  OK  [0m] Listening on Load/Save RF Kill Switch Status /dev/rfkill Watch.
[[0;32m  OK  [0m] Started Commit a transient machine-id on disk.
[[0;32m  OK  [0m] Started Update UTMP about System Boot/Shutdown.
[[0;32m  OK  [0m] Started LSB: AppArmor initialization.
         Starting Load AppArmor profiles managed internally by snapd...
[[0;32m  OK  [0m] Started Load AppArmor profiles managed internally by snapd.
[[0;32m  OK  [0m] Started Set console font and keymap.
[[0;32m  OK  [0m] Created slice system-getty.slice.
[    6.092822] cloud-init[516]: Cloud-init v. 21.1-19-gbad84ad4-0ubuntu1~16.04.2 running 'init-local' at Sun, 26 Dec 2021 18:46:18 +0000. Up 5.74 seconds.
[[0;32m  OK  [0m] Started Initial cloud-init job (pre-networking).
[[0;32m  OK  [0m] Reached target Network (Pre).
         Starting Raise network interfaces...
[[0;32m  OK  [0m] Started Raise network interfaces.
[[0;32m  OK  [0m] Reached target Network.
         Starting Initial cloud-init job (metadata service crawler)...
[    7.181948] cloud-init[958]: Cloud-init v. 21.1-19-gbad84ad4-0ubuntu1~16.04.2 running 'init' at Sun, 26 Dec 2021 18:46:19 +0000. Up 6.55 seconds.
[    7.187053] cloud-init[958]: ci-info: ++++++++++++++++++++++++++++++++++++++Net device info+++++++++++++++++++++++++++++++++++++++
[    7.190005] cloud-init[958]: ci-info: +--------+-------+----------------------------+---------------+--------+-------------------+
[    7.193052] cloud-init[958]: ci-info: | Device |   Up  |          Address           |      Mask     | Scope  |     Hw-Address    |
[    7.204997] cloud-init[958]: ci-info: +--------+-------+----------------------------+---------------+--------+-------------------+
[    7.207581] cloud-init[958]: ci-info: | enp0s3 |  True |         10.0.2.15          | 255.255.255.0 | global | 02:be:82:6b:cc:1d |
[    7.208959] cloud-init[958]: ci-info: | enp0s3 |  True | fe80::be:82ff:fe6b:cc1d/64 |       .       |  link  | 02:be:82:6b:cc:1d |
[    7.213140] cloud-init[958]: ci-info: | enp0s8 | False |             .              |       .       |   .    | 08:00:27:ef:e0:f6 |
[    7.214880] cloud-init[958]: ci-info: |   lo   |  True |         127.0.0.1          |   255.0.0.0   |  host  |         .         |
[    7.216596] cloud-init[958]: ci-info: |   lo   |  True |          ::1/128           |       .       |  host  |         .         |
[    7.218039] cloud-init[958]: ci-info: +--------+-------+----------------------------+---------------+--------+-------------------+
[    7.219518] cloud-init[958]: ci-info: +++++++++++++++++++++++++++Route IPv4 info++++++++++++++++++++++++++++
[    7.220784] cloud-init[958]: ci-info: +-------+-------------+----------+---------------+-----------+-------+
[    7.222394] cloud-init[958]: ci-info: | Route | Destination | Gateway  |    Genmask    | Interface | Flags |
[    7.231209] cloud-init[958]: ci-info: +-------+-------------+----------+---------------+-----------+-------+
[    7.237610] cloud-init[958]: ci-info: |   0   |   0.0.0.0   | 10.0.2.2 |    0.0.0.0    |   enp0s3  |   UG  |
[    7.241377] cloud-init[958]: ci-info: |   1   |   10.0.2.0  | 0.0.0.0  | 255.255.255.0 |   enp0s3  |   U   |
[    7.251231] cloud-init[958]: ci-info: +-------+-------------+----------+---------------+-----------+-------+
[    7.258255] cloud-init[958]: ci-info: +++++++++++++++++++Route IPv6 info+++++++++++++++++++
[    7.277495] cloud-init[958]: ci-info: +-------+-------------+---------+-----------+-------+
[    7.289569] cloud-init[958]: ci-info: | Route | Destination | Gateway | Interface | Flags |
[    7.296415] cloud-init[958]: ci-info: +-------+-------------+---------+-----------+-------+
[    7.299366] cloud-init[958]: ci-info: |   0   |  fe80::/64  |    ::   |   enp0s3  |   U   |
[    7.301477] cloud-init[958]: ci-info: |   3   |   ff00::/8  |    ::   |   enp0s3  |   U   |
[    7.306935] cloud-init[958]: ci-info: +-------+-------------+---------+-----------+-------+
[[0;32m  OK  [0m] Started Initial cloud-init job (metadata service crawler).
[[0;32m  OK  [0m] Reached target Network is Online.
[    7.317341] cloud-init[958]: Generating public/private rsa key pair.
[    7.324917] cloud-init[958]: Your identification has been saved in /etc/ssh/ssh_host_rsa_key.
[    7.325848] cloud-init[958]: Your public key has been saved in /etc/ssh/ssh_host_rsa_key.pub.
[    7.326869] cloud-init[958]: The key fingerprint is:
[    7.327600] cloud-init[958]: SHA256:p/DlyDbKqlD36FFbSH7wkbGNgYizAJ5aT6Re0VQEJ8E root@ubuntu-xenial
[    7.330235] cloud-init[958]: The key's randomart image is:
[    7.331907] cloud-init[958]: +---[RSA 2048]----+
[    7.333295] cloud-init[958]: |o  .o==**        |
[    7.334109] cloud-init[958]: |o +o..Eo B       |
[    7.335204] cloud-init[958]: | +ooo o = .      |
[    7.336203]          Starting iSCSI initiator daemon (iscsid)...
[[0;32m  OK  [0m] Reached target Cloud-config availability.
[[0;32m  OK  [0m] Reached target System Initialization.
cloud-init[958]: |.o.+ o + .       |
[    7.340710] cloud-init[958]: |. o o = S o      |
[    7.340754] cloud-init[958]: | . . + B *       |
[    7.340782] cloud-init[958]: |.   o o B .      |
[    7.340809] cloud-init[958]: | . . o o .       |
[    7.340844] cloud-init[958]: |  ..o.o          |
[    7.340871] cloud-init[958]: +----[SHA256]-----+
[    7.340898] cloud-init[958]: Generating public/private dsa key pair.
[    7.340924] cloud-init[958]: Your identification has been saved in /etc/ssh/ssh_host_dsa_key.
[    7.340950] cloud-init[958]: Your public key has been saved in /etc/ssh/ssh_host_dsa_key.pub.
[    7.340977] cloud-init[958]: The key fingerprint is:
[    7.341063] cloud-init[958]: SHA256:CUUncZsy/cXj1u1K99jXZVnj8Y7cqqg2C3RczXcWwdM root@ubuntu-xenial
         Starting Socket activation for snappy daemon.
[[0;32m  OK  [0m] Started Message of the Day.
[[0;32m  OK  [0m] Listening on UUID daemon activation socket.
[[0;32m  OK  [0m] Started Ubuntu Advantage update messaging.
[[0;32m  OK  [0m] Started Daily apt download activities.
[[0;32m  OK  [0m] Listening on ACPID Listen Socket.
[[0;32m  OK  [0m] Listening on D-Bus System Message Bus Socket.
         Starting LXD - unix socket.
[    7.346049] cloud-init[958]: The key's randomart image is:
[    7.384162] cloud-init[958]: +---[DSA 1024]----+
[    7.392562] cloud-init[958]: |       .=.o   .oo|
[    7.397473] cloud-init[958]: |       . = = . oE|
[    7.412856] cloud-init[958]: |      . o = o = +|
[    7.433484] cloud-init[958]: |       o = . + Bo|
[    7.465391] cloud-init[958]: |      . S   . + O|
[    7.469390] cloud-init[958]: |     . .     . ++|
[    7.483866] cloud-init[958]: |      .      ..==|
[    7.492367] cloud-init[958]: |       .o  . .o=*|
[    7.501518] cloud-init[958]: |       .o+. ..+.+|
[    7.526387] cloud-init[958]: +----[SHA256]-----+
[    7.537479] cloud-init[958]: Generating public/private ecdsa key pair.
[    7.544280] cloud-init[958]: Your identification has been saved in /etc/ssh/ssh_host_ecdsa_key.
[    7.544388] cloud-init[958]: Your public key has been saved in /etc/ssh/ssh_host_ecdsa_key.pub.
[[0;32m  OK  [0m] Started ACPI Events Check.
[[0;32m  OK  [0m] Reached target Paths.
[[0;32m  OK  [0m] [    7.544420] cloud-init[958]: The key fingerprint is:
[    7.556159] cloud-init[958]: SHA256:AGC3q3sUcasEj+OgjLnc+G3W9kBPuOZ6Qj4G1E+VJxs root@ubuntu-xenial
[    7.565699] cloud-init[958]: The key's randomart image is:
[    7.565740] cloud-init[958]: +---[ECDSA 256]---+
[    7.565770] cloud-init[958]: |  o.o     .      |
[    7.565806] cloud-init[958]: | ....o.  E .     |
[    7.565834] cloud-init[958]: |   +oo... =      |
[    7.565859] cloud-init[958]: |. o.+o.o..       |
[    7.565898] cloud-init[958]: |++.o.oooS.       |
[    7.566029] cloud-init[958]: |+..oo...+        |
[    7.566063] cloud-init[958]: |..+.+ .+ .       |
[    7.566090] cloud-init[958]: |.o ooBo+.        |
[    7.566115] cloud-init[958]: |  oo+o*...       |
[    7.566142] cloud-init[958]: +----[SHA256]-----+
[    7.566168] cloud-init[958]: Generating public/private ed25519 key pair.
[    7.566194] cloud-init[958]: Your identification has been saved in /etc/ssh/ssh_host_ed25519_key.
[    7.566224] cloud-init[958]: Your public key has been saved in /etc/ssh/ssh_host_ed25519_key.pub.
[    7.566250] cloud-init[958]: The key fingerprint is:
[    7.566277] cloud-init[958]: SHA256:hq4Qo0tpfx4LFA9P0ELIZVcxE+NuF/6gDCBsPgqKMP0 root@ubuntu-xenial
[    7.566303] cloud-init[958]: The key's randomart image is:
[    7.566328] cloud-init[958]: +--[ED25519 256]--+
[    7.566356] cloud-init[958]: |. +=...Bo        |
[    7.566382] cloud-init[958]: |.o..o.. +        |
[    7.566575] cloud-init[958]: | + +.. . .       |
[    7.566606] cloud-init[958]: |o.. B ... .      |
[    7.566633] cloud-init[958]: |+o+. +.oS+       |
[    7.566662] cloud-init[958]: |*o++ .+.o o      |
[    7.566689] cloud-init[958]: |=+..E..o   .     |
[    7.566716] cloud-init[958]: |o....oo          |
[    7.566742] cloud-init[958]: |.  .+o           |
[    7.566767] cloud-init[958]: +----[SHA256]-----+
Started Daily apt upgrade and clean activities.
[[0;32m  OK  [0m] Started Daily Cleanup of Temporary Directories.
[[0;32m  OK  [0m] Reached target Timers.
[[0;32m  OK  [0m] Listening on Socket activation for snappy daemon.
[[0;32m  OK  [0m] Listening on LXD - unix socket.
[[0;32m  OK  [0m] Started iSCSI initiator daemon (iscsid).
         Starting Login to default iSCSI targets...
[[0;32m  OK  [0m] Reached target Sockets.
[[0;32m  OK  [0m] Reached target Basic System.
         Starting LXD - container startup/shutdown...
         Starting Accounts Service...
         Starting Virtualbox guest utils...
         Starting Login Service...
[[0;32m  OK  [0m] Started D-Bus System Message Bus.
         Starting System Logging Service...
[[0;32m  OK  [0m] Started Deferred execution scheduler.
         Starting LSB: Record successful boot for GRUB...
[[0;32m  OK  [0m] Started FUSE filesystem for LXC.
         Starting Pollinate to seed the pseudo random number generator...
[[0;32m  OK  [0m] Started Regular background program processing daemon.
         Starting /etc/rc.local Compatibility...
         Starting LSB: MD monitoring daemon...
[[0;32m  OK  [0m] Started ACPI event daemon.
         Starting Snap Daemon...
[[0;32m  OK  [0m] Started System Logging Service.
[[0;32m  OK  [0m] Started /etc/rc.local Compatibility.
[[0;32m  OK  [0m] Started Login Service.
[[0;32m  OK  [0m] Started Unattended Upgrades Shutdown.
         Starting Authenticate and Authorize Users to Run Privileged Tasks...
[[0;32m  OK  [0m] Started Login to default iSCSI targets.
[[0;32m  OK  [0m] Reached target Remote File Systems (Pre).
[[0;32m  OK  [0m] Reached target Remote File Systems.
         Starting LSB: Set the CPU Frequency Scaling governor to "ondemand"...
         Starting Permit User Sessions...
         Starting LSB: daemon to balance interrupts for SMP systems...
         Starting LSB: automatic crash report generation...
[[0;32m  OK  [0m] Started LXD - container startup/shutdown.
[[0;32m  OK  [0m] Started LSB: Record successful boot for GRUB.
[[0;32m  OK  [0m] Started LSB: MD monitoring daemon.
[[0;32m  OK  [0m] Started Permit User Sessions.
         Starting Terminate Plymouth Boot Screen...
         Starting Hold until boot process finishes up...
[[0;32m  OK  [0m] Started Hold until boot process finishes up.
[[0;32m  OK  [0m] Started Authenticate and Authorize Users to Run Privileged Tasks.
[[0;32m  OK  [0m] Started Accounts Service.
[[0;32m  OK  [0m] Started Terminate Plymouth Boot Screen.
         Starting Set console scheme...
[[0;32m  OK  [0m] Started Getty on tty1.
[[0;32m  OK  [0m] Started Serial Getty on ttyS0.
[[0;32m  OK  [0m] Reached target Login Prompts.
[[0;32m  OK  [0m] Started Set console scheme.
[[0;32m  OK  [0m] Started LSB: daemon to balance interrupts for SMP systems.
[[0;32m  OK  [0m] Started LSB: automatic crash report generation.
[[0;32m  OK  [0m] Started LSB: Set the CPU Frequency Scaling governor to "ondemand".
[[0;32m  OK  [0m] Started Virtualbox guest utils.
[[0;32m  OK  [0m] Started Snap Daemon.
         Starting Wait until snapd is fully seeded...
[[0;32m  OK  [0m] Started Pollinate to seed the pseudo random number generator.
         Starting OpenBSD Secure Shell server...
[[0;32m  OK  [0m] Started OpenBSD Secure Shell server.
[[0;32m  OK  [0m] Started Wait until snapd is fully seeded.
         Starting Apply the settings specified in cloud-config...
[[0;32m  OK  [0m] Reached target Multi-User System.
[[0;32m  OK  [0m] Reached target Graphical Interface.
         Starting Update UTMP about System Runlevel Changes...
[[0;32m  OK  [0m] Started Update UTMP about System Runlevel Changes.
[   10.463915] cloud-init[1302]: Generating locales (this might take a while)...
[   11.070593] cloud-init[1302]:   en_US.UTF-8... done
[   11.071712] cloud-init[1302]: Generation complete.
[   11.286016] cloud-init[1302]: Cloud-init v. 21.1-19-gbad84ad4-0ubuntu1~16.04.2 running 'modules:config' at Sun, 26 Dec 2021 18:46:23 +0000. Up 10.39 seconds.
[[0;32m  OK  [0m] Started Apply the settings specified in cloud-config.
         Starting Execute cloud user/final scripts...
ci-info: no authorized SSH keys fingerprints found for user ubuntu.
<14>Dec 26 18:46:24 ec2: 
<14>Dec 26 18:46:24 ec2: #############################################################
<14>Dec 26 18:46:24 ec2: -----BEGIN SSH HOST KEY FINGERPRINTS-----
<14>Dec 26 18:46:24 ec2: 1024 SHA256:CUUncZsy/cXj1u1K99jXZVnj8Y7cqqg2C3RczXcWwdM root@ubuntu-xenial (DSA)
<14>Dec 26 18:46:24 ec2: 256 SHA256:AGC3q3sUcasEj+OgjLnc+G3W9kBPuOZ6Qj4G1E+VJxs root@ubuntu-xenial (ECDSA)
<14>Dec 26 18:46:24 ec2: 256 SHA256:hq4Qo0tpfx4LFA9P0ELIZVcxE+NuF/6gDCBsPgqKMP0 root@ubuntu-xenial (ED25519)
<14>Dec 26 18:46:24 ec2: 2048 SHA256:p/DlyDbKqlD36FFbSH7wkbGNgYizAJ5aT6Re0VQEJ8E root@ubuntu-xenial (RSA)
<14>Dec 26 18:46:24 ec2: -----END SSH HOST KEY FINGERPRINTS-----
<14>Dec 26 18:46:24 ec2: #############################################################
-----BEGIN SSH HOST KEY KEYS-----
ecdsa-sha2-nistp256 AAAAE2VjZHNhLXNoYTItbmlzdHAyNTYAAAAIbmlzdHAyNTYAAABBBF6EiE5rh4jCqPCOs7hFlM4kvDzia+2v8LQmCnX0+ilpuPy8ISdU3pZLNs46yRJpZCZzyhAdIdSolq6m/V2VKoY= root@ubuntu-xenial
ssh-ed25519 AAAAC3NzaC1lZDI1NTE5AAAAIHBFgKl3kdQxTto02pQcS4yVOfgTrYxAwuzCCRtOwc8m root@ubuntu-xenial
ssh-rsa AAAAB3NzaC1yc2EAAAADAQABAAABAQC4I3pjIQ/HKEXfKVbmpVibPmeFRui8S7xN2yITuxYEunTzD8z1O0dDZxu8x8mrjP9NvLUUJQ6PRoEX3ZCuvTp1e0vmvd0TNhW5reqrRBhvoaSQXa2iR8l+EXi4YRICdj/MqhoJDv74SLXyLNEe4PKCZvspCLgWbuAQBxHyZtTVTgRrDg31yPu5/wkGeAQcuj0rEf1W7KQV5Tv2HOTeglrzZStCWgqdKHb5v7Rmy0Rlfd2/JXpxeQtM6AqEJ7mx11YzqEvhdkw1uy6UZkNcrdi3puIiWglK6bZiqfpr2oEYYQBPn0cNzpXJCMzzi5UbMqUw34is1ARnjruWmSpK7t4z root@ubuntu-xenial
-----END SSH HOST KEY KEYS-----
[   11.683297] cloud-init[1345]: Cloud-init v. 21.1-19-gbad84ad4-0ubuntu1~16.04.2 running 'modules:final' at Sun, 26 Dec 2021 18:46:24 +0000. Up 11.55 seconds.
[   11.685908] cloud-init[1345]: ci-info: no authorized SSH keys fingerprints found for user ubuntu.
[   11.690452] cloud-init[1345]: Cloud-init v. 21.1-19-gbad84ad4-0ubuntu1~16.04.2 finished at Sun, 26 Dec 2021 18:46:24 +0000. Datasource DataSourceNoCloud [seed=/dev/sdb][dsmode=net].  Up 11.67 seconds
[[0;32m  OK  [0m] Started Execute cloud user/final scripts.
[[0;32m  OK  [0m] Reached target Cloud-init target.

Ubuntu 16.04.7 LTS ubuntu-xenial ttyS0

ubuntu-xenial login: 