[    0.000000] Initializing cgroup subsys cpuset
[    0.000000] Initializing cgroup subsys cpu
[    0.000000] Initializing cgroup subsys cpuacct
[    0.000000] Linux version 4.4.0-210-generic (buildd@lgw01-amd64-009) (gcc version 5.4.0 20160609 (Ubuntu 5.4.0-6ubuntu1~16.04.12) ) #242-Ubuntu SMP Fri Apr 16 09:57:56 UTC 2021 (Ubuntu 4.4.0-210.242-generic 4.4.262)
[    0.000000] Command line: BOOT_IMAGE=/boot/vmlinuz-4.4.0-210-generic root=LABEL=cloudimg-rootfs ro console=tty1 console=ttyS0
[    0.000000] KERNEL supported cpus:
[    0.000000]   Intel GenuineIntel
[    0.000000]   AMD AuthenticAMD
[    0.000000]   Centaur CentaurHauls
[    0.000000] x86/fpu: xstate_offset[2]:  576, xstate_sizes[2]:  256
[    0.000000] x86/fpu: Supporting XSAVE feature 0x01: 'x87 floating point registers'
[    0.000000] x86/fpu: Supporting XSAVE feature 0x02: 'SSE registers'
[    0.000000] x86/fpu: Supporting XSAVE feature 0x04: 'AVX registers'
[    0.000000] x86/fpu: Enabled xstate features 0x7, context size is 832 bytes, using 'standard' format.
[    0.000000] e820: BIOS-provided physical RAM map:
[    0.000000] BIOS-e820: [mem 0x0000000000000000-0x000000000009fbff] usable
[    0.000000] BIOS-e820: [mem 0x000000000009fc00-0x000000000009ffff] reserved
[    0.000000] BIOS-e820: [mem 0x00000000000f0000-0x00000000000fffff] reserved
[    0.000000] BIOS-e820: [mem 0x0000000000100000-0x000000003ffeffff] usable
[    0.000000] BIOS-e820: [mem 0x000000003fff0000-0x000000003fffffff] ACPI data
[    0.000000] BIOS-e820: [mem 0x00000000fec00000-0x00000000fec00fff] reserved
[    0.000000] BIOS-e820: [mem 0x00000000fee00000-0x00000000fee00fff] reserved
[    0.000000] BIOS-e820: [mem 0x00000000fffc0000-0x00000000ffffffff] reserved
[    0.000000] NX (Execute Disable) protection: active
[    0.000000] SMBIOS 2.5 present.
[    0.000000] Hypervisor detected: KVM
[    0.000000] e820: last_pfn = 0x3fff0 max_arch_pfn = 0x400000000
[    0.000000] MTRR: Disabled
[    0.000000] x86/PAT: MTRRs disabled, skipping PAT initialization too.
[    0.000000] CPU MTRRs all blank - virtualized system.
[    0.000000] x86/PAT: Configuration [0-7]: WB  WT  UC- UC  WB  WT  UC- UC  
[    0.000000] found SMP MP-table at [mem 0x0009fff0-0x0009ffff] mapped at [ffff88000009fff0]
[    0.000000] Scanning 1 areas for low memory corruption
[    0.000000] RAMDISK: [mem 0x362dc000-0x37165fff]
[    0.000000] ACPI: Early table checksum verification disabled
[    0.000000] ACPI: RSDP 0x00000000000E0000 000024 (v02 VBOX  )
[    0.000000] ACPI: XSDT 0x000000003FFF0030 00003C (v01 VBOX   VBOXXSDT 00000001 ASL  00000061)
[    0.000000] ACPI: FACP 0x000000003FFF00F0 0000F4 (v04 VBOX   VBOXFACP 00000001 ASL  00000061)
[    0.000000] ACPI: DSDT 0x000000003FFF0470 002325 (v02 VBOX   VBOXBIOS 00000002 INTL 20190509)
[    0.000000] ACPI: FACS 0x000000003FFF0200 000040
[    0.000000] ACPI: FACS 0x000000003FFF0200 000040
[    0.000000] ACPI: APIC 0x000000003FFF0240 000054 (v02 VBOX   VBOXAPIC 00000001 ASL  00000061)
[    0.000000] ACPI: SSDT 0x000000003FFF02A0 0001CC (v01 VBOX   VBOXCPUT 00000002 INTL 20190509)
[    0.000000] No NUMA configuration found
[    0.000000] Faking a node at [mem 0x0000000000000000-0x000000003ffeffff]
[    0.000000] NODE_DATA(0) allocated [mem 0x3ffeb000-0x3ffeffff]
[    0.000000] kvm-clock: Using msrs 4b564d01 and 4b564d00
[    0.000000] kvm-clock: cpu 0, msr 0:3ffe3001, primary cpu clock
[    0.000000] kvm-clock: using sched offset of 3101346142 cycles
[    0.000000] clocksource: kvm-clock: mask: 0xffffffffffffffff max_cycles: 0x1cd42e4dffb, max_idle_ns: 881590591483 ns
[    0.000000] Zone ranges:
[    0.000000]   DMA      [mem 0x0000000000001000-0x0000000000ffffff]
[    0.000000]   DMA32    [mem 0x0000000001000000-0x000000003ffeffff]
[    0.000000]   Normal   empty
[    0.000000]   Device   empty
[    0.000000] Movable zone start for each node
[    0.000000] Early memory node ranges
[    0.000000]   node   0: [mem 0x0000000000001000-0x000000000009efff]
[    0.000000]   node   0: [mem 0x0000000000100000-0x000000003ffeffff]
[    0.000000] Initmem setup node 0 [mem 0x0000000000001000-0x000000003ffeffff]
[    0.000000] ACPI: PM-Timer IO Port: 0x4008
[    0.000000] IOAPIC[0]: apic_id 1, version 32, address 0xfec00000, GSI 0-23
[    0.000000] ACPI: INT_SRC_OVR (bus 0 bus_irq 0 global_irq 2 dfl dfl)
[    0.000000] ACPI: INT_SRC_OVR (bus 0 bus_irq 9 global_irq 9 low level)
[    0.000000] Using ACPI (MADT) for SMP configuration information
[    0.000000] smpboot: Allowing 1 CPUs, 0 hotplug CPUs
[    0.000000] PM: Registered nosave memory: [mem 0x00000000-0x00000fff]
[    0.000000] PM: Registered nosave memory: [mem 0x0009f000-0x0009ffff]
[    0.000000] PM: Registered nosave memory: [mem 0x000a0000-0x000effff]
[    0.000000] PM: Registered nosave memory: [mem 0x000f0000-0x000fffff]
[    0.000000] e820: [mem 0x40000000-0xfebfffff] available for PCI devices
[    0.000000] Booting paravirtualized kernel on KVM
[    0.000000] clocksource: refined-jiffies: mask: 0xffffffff max_cycles: 0xffffffff, max_idle_ns: 7645519600211568 ns
[    0.000000] setup_percpu: NR_CPUS:512 nr_cpumask_bits:512 nr_cpu_ids:1 nr_node_ids:1
[    0.000000] PERCPU: Embedded 33 pages/cpu @ffff88003fc00000 s95192 r8192 d31784 u2097152
[    0.000000] Built 1 zonelists in Node order, mobility grouping on.  Total pages: 257912
[    0.000000] Policy zone: DMA32
[    0.000000] Kernel command line: BOOT_IMAGE=/boot/vmlinuz-4.4.0-210-generic root=LABEL=cloudimg-rootfs ro console=tty1 console=ttyS0
[    0.000000] PID hash table entries: 4096 (order: 3, 32768 bytes)
[    0.000000] Memory: 997924K/1048120K available (8644K kernel code, 1332K rwdata, 4044K rodata, 1492K init, 1164K bss, 50196K reserved, 0K cma-reserved)
[    0.000000] SLUB: HWalign=64, Order=0-3, MinObjects=0, CPUs=1, Nodes=1
[    0.000000] Kernel/User page tables isolation: enabled
[    0.000000] Hierarchical RCU implementation.
[    0.000000] 	Build-time adjustment of leaf fanout to 64.
[    0.000000] 	RCU restricting CPUs from NR_CPUS=512 to nr_cpu_ids=1.
[    0.000000] RCU: Adjusting geometry for rcu_fanout_leaf=64, nr_cpu_ids=1
[    0.000000] NR_IRQS:33024 nr_irqs:256 16
[    0.000000] Console: colour VGA+ 80x25
[    0.000000] console [tty1] enabled
[    0.000000] console [ttyS0] enabled
[    0.000000] tsc: Detected 3499.994 MHz processor
[    0.120640] Calibrating delay loop (skipped) preset value.. 6999.98 BogoMIPS (lpj=13999976)
[    0.121789] pid_max: default: 32768 minimum: 301
[    0.122426] ACPI: Core revision 20150930
[    0.123736] ACPI: 2 ACPI AML tables successfully acquired and loaded
[    0.124880] Security Framework initialized
[    0.125454] Yama: becoming mindful.
[    0.125961] AppArmor: AppArmor initialized
[    0.126553] Dentry cache hash table entries: 131072 (order: 8, 1048576 bytes)
[    0.128223] Inode-cache hash table entries: 65536 (order: 7, 524288 bytes)
[    0.129507] Mount-cache hash table entries: 2048 (order: 2, 16384 bytes)
[    0.130298] Mountpoint-cache hash table entries: 2048 (order: 2, 16384 bytes)
[    0.131241] Initializing cgroup subsys io
[    0.131813] Initializing cgroup subsys memory
[    0.132756] Initializing cgroup subsys devices
[    0.134835] Initializing cgroup subsys freezer
[    0.136017] Initializing cgroup subsys net_cls
[    0.136694] Initializing cgroup subsys perf_event
[    0.137389] Initializing cgroup subsys net_prio
[    0.138050] Initializing cgroup subsys hugetlb
[    0.138800] Initializing cgroup subsys pids
[    0.147720] mce: CPU supports 0 MCE banks
[    0.148980] process: using mwait in idle threads
[    0.157987] Last level iTLB entries: 4KB 1024, 2MB 1024, 4MB 1024
[    0.158789] Last level dTLB entries: 4KB 1024, 2MB 1024, 4MB 1024, 1GB 4
[    0.159597] Spectre V1 : Mitigation: usercopy/swapgs barriers and __user pointer sanitization
[    0.160805] Spectre V2 : Mitigation: Full generic retpoline
[    0.165355] Spectre V2 : Spectre v2 / SpectreRSB mitigation: Filling RSB on context switch
[    0.166540] Speculative Store Bypass: Vulnerable
[    0.171809] SRBDS: Unknown: Dependent on hypervisor status
[    0.177629] MDS: Mitigation: Clear CPU buffers
[    0.198133] Freeing SMP alternatives memory: 36K
[    0.203473] ftrace: allocating 32380 entries in 127 pages
[    0.248812] smpboot: APIC(0) Converting physical 0 to logical package 0
[    0.250590] smpboot: Max logical packages: 1
[    0.253536] x2apic enabled
[    0.254401] Switched APIC routing to physical x2apic.
[    0.256211] ..TIMER: vector=0x30 apic1=0 pin1=2 apic2=-1 pin2=-1
[    0.368005] smpboot: CPU0: Intel(R) Core(TM) i5-4690K CPU @ 3.50GHz (family: 0x6, model: 0x3c, stepping: 0x3)
[    0.369516] Performance Events: unsupported p6 CPU model 60 no PMU driver, software events only.
[    0.379105] KVM setup paravirtual spinlock
[    0.380308] x86: Booted up 1 node, 1 CPUs
[    0.380875] smpboot: Total of 1 processors activated (6999.98 BogoMIPS)
[    0.381872] devtmpfs: initialized
[    0.383388] evm: security.selinux
[    0.383898] evm: security.SMACK64
[    0.384718] evm: security.SMACK64EXEC
[    0.385677] evm: security.SMACK64TRANSMUTE
[    0.386817] evm: security.SMACK64MMAP
[    0.388254] evm: security.ima
[    0.389086] evm: security.capability
[    0.397167] clocksource: jiffies: mask: 0xffffffff max_cycles: 0xffffffff, max_idle_ns: 7645041785100000 ns
[    0.398889] futex hash table entries: 256 (order: 2, 16384 bytes)
[    0.399830] pinctrl core: initialized pinctrl subsystem
[    0.400629] RTC time: 13:31:02, date: 12/26/21
[    0.401370] NET: Registered protocol family 16
[    0.402103] cpuidle: using governor ladder
[    0.402690] cpuidle: using governor menu
[    0.403459] PCCT header not found.
[    0.405230] ACPI: bus type PCI registered
[    0.405934] acpiphp: ACPI Hot Plug PCI Controller Driver version: 0.5
[    0.406947] PCI: Using configuration type 1 for base access
[    0.408880] ACPI: Added _OSI(Module Device)
[    0.409734] ACPI: Added _OSI(Processor Device)
[    0.410326] ACPI: Added _OSI(3.0 _SCP Extensions)
[    0.410937] ACPI: Added _OSI(Processor Aggregator Device)
[    0.412017] ACPI: Executed 1 blocks of module-level executable AML code
[    0.414733] ACPI: Interpreter enabled
[    0.415313] ACPI: (supports S0 S5)
[    0.415875] ACPI: Using IOAPIC for interrupt routing
[    0.416841] PCI: Using host bridge windows from ACPI; if necessary, use "pci=nocrs" and report a bug
[    0.420369] ACPI: PCI Root Bridge [PCI0] (domain 0000 [bus 00-ff])
[    0.421225] acpi PNP0A03:00: _OSC: OS supports [ASPM ClockPM Segments MSI]
[    0.422687] acpi PNP0A03:00: _OSC: not requesting OS control; OS requires [ExtendedConfig ASPM ClockPM MSI]
[    0.426051] acpi PNP0A03:00: fail to add MMCONFIG information, can't access extended PCI configuration space under this bridge.
[    0.427837] PCI host bridge to bus 0000:00
[    0.429141] pci_bus 0000:00: root bus resource [io  0x0000-0x0cf7 window]
[    0.429933] pci_bus 0000:00: root bus resource [io  0x0d00-0xffff window]
[    0.430721] pci_bus 0000:00: root bus resource [mem 0x000a0000-0x000bffff window]
[    0.431730] pci_bus 0000:00: root bus resource [mem 0x40000000-0xfdffffff window]
[    0.432777] pci_bus 0000:00: root bus resource [bus 00-ff]
[    0.434932] pci 0000:00:01.1: legacy IDE quirk: reg 0x10: [io  0x01f0-0x01f7]
[    0.441066] pci 0000:00:01.1: legacy IDE quirk: reg 0x14: [io  0x03f6]
[    0.441902] pci 0000:00:01.1: legacy IDE quirk: reg 0x18: [io  0x0170-0x0177]
[    0.442730] pci 0000:00:01.1: legacy IDE quirk: reg 0x1c: [io  0x0376]
[    0.462362] pci 0000:00:07.0: quirk: [io  0x4000-0x403f] claimed by PIIX4 ACPI
[    0.463449] pci 0000:00:07.0: quirk: [io  0x4100-0x410f] claimed by PIIX4 SMB
[    0.470288] ACPI: PCI Interrupt Link [LNKA] (IRQs 5 9 10 *11)
[    0.473654] ACPI: PCI Interrupt Link [LNKB] (IRQs 5 9 *10 11)
[    0.474876] ACPI: PCI Interrupt Link [LNKC] (IRQs 5 *9 10 11)
[    0.475889] ACPI: PCI Interrupt Link [LNKD] (IRQs 5 9 10 *11)
[    0.476955] ACPI: Enabled 2 GPEs in block 00 to 07
[    0.477830] vgaarb: setting as boot device: PCI:0000:00:02.0
[    0.478685] vgaarb: device added: PCI:0000:00:02.0,decodes=io+mem,owns=io+mem,locks=none
[    0.480229] vgaarb: loaded
[    0.481186] vgaarb: bridge control possible 0000:00:02.0
[    0.482283] SCSI subsystem initialized
[    0.487414] ACPI: bus type USB registered
[    0.491188] usbcore: registered new interface driver usbfs
[    0.492930] usbcore: registered new interface driver hub
[    0.493643] usbcore: registered new device driver usb
[    0.495202] PCI: Using ACPI for IRQ routing
[    0.496318] NetLabel: Initializing
[    0.496814] NetLabel:  domain hash size = 128
[    0.497381] NetLabel:  protocols = UNLABELED CIPSOv4
[    0.498046] NetLabel:  unlabeled traffic allowed by default
[    0.498832] amd_nb: Cannot enumerate AMD northbridges
[    0.499602] clocksource: Switched to clocksource kvm-clock
[    0.505953] AppArmor: AppArmor Filesystem Enabled
[    0.508001] pnp: PnP ACPI init
[    0.510415] pnp: PnP ACPI: found 3 devices
[    0.517236] clocksource: acpi_pm: mask: 0xffffff max_cycles: 0xffffff, max_idle_ns: 2085701024 ns
[    0.521403] NET: Registered protocol family 2
[    0.522593] TCP established hash table entries: 8192 (order: 4, 65536 bytes)
[    0.525077] TCP bind hash table entries: 8192 (order: 5, 131072 bytes)
[    0.526219] TCP: Hash tables configured (established 8192 bind 8192)
[    0.527740] UDP hash table entries: 512 (order: 2, 16384 bytes)
[    0.528569] UDP-Lite hash table entries: 512 (order: 2, 16384 bytes)
[    0.530867] NET: Registered protocol family 1
[    0.531475] pci 0000:00:00.0: Limiting direct PCI/PCI transfers
[    0.532250] pci 0000:00:01.0: Activating ISA DMA hang workarounds
[    0.533126] Unpacking initramfs...
[    0.685488] Freeing initrd memory: 14888K
[    0.686306] RAPL PMU detected, API unit is 2^-32 Joules, 4 fixed counters 10737418240 ms ovfl timer
[    0.687486] hw unit of domain pp0-core 2^-0 Joules
[    0.688129] hw unit of domain package 2^-0 Joules
[    0.688757] hw unit of domain dram 2^-0 Joules
[    0.689332] hw unit of domain pp1-gpu 2^-0 Joules
[    0.690216] clocksource: tsc: mask: 0xffffffffffffffff max_cycles: 0x32734b4358f, max_idle_ns: 440795367814 ns
[    0.691751] platform rtc_cmos: registered platform RTC device (no PNP device found)
[    0.694354] Scanning for low memory corruption every 60 seconds
[    0.695385] audit: initializing netlink subsys (disabled)
[    0.696097] audit: type=2000 audit(1640525466.814:1): initialized
[    0.697042] Initialise system trusted keyring
[    0.697703] HugeTLB registered 2 MB page size, pre-allocated 0 pages
[    0.699307] zbud: loaded
[    0.700056] VFS: Disk quotas dquot_6.6.0
[    0.700865] VFS: Dquot-cache hash table entries: 512 (order 0, 4096 bytes)
[    0.701863] squashfs: version 4.0 (2009/01/31) Phillip Lougher
[    0.703192] fuse init (API version 7.23)
[    0.703887] Key type big_key registered
[    0.705367] Allocating IMA MOK and blacklist keyrings.
[    0.707461] Key type asymmetric registered
[    0.708048] Asymmetric key parser 'x509' registered
[    0.708708] Block layer SCSI generic (bsg) driver version 0.4 loaded (major 249)
[    0.709702] io scheduler noop registered
[    0.710361] io scheduler deadline registered (default)
[    0.711082] io scheduler cfq registered
[    0.711773] pci_hotplug: PCI Hot Plug PCI Core version: 0.5
[    0.712639] pciehp: PCI Express Hot Plug Controller Driver version: 0.4
[    0.713557] ACPI: AC Adapter [AC] (on-line)
[    0.714168] input: Power Button as /devices/LNXSYSTM:00/LNXPWRBN:00/input/input0
[    0.715196] ACPI: Power Button [PWRF]
[    0.716307] input: Sleep Button as /devices/LNXSYSTM:00/LNXSLPBN:00/input/input1
[    0.718155] ACPI: Sleep Button [SLPF]
[    0.718829] GHES: HEST is not enabled!
[    0.721168] Serial: 8250/16550 driver, 32 ports, IRQ sharing enabled
[    0.743414] 00:02: ttyS0 at I/O 0x3f8 (irq = 4, base_baud = 115200) is a 16550A
[    0.745723] Linux agpgart interface v0.103
[    0.747113] loop: module loaded
[    0.748226] scsi host0: ata_piix
[    0.748780] scsi host1: ata_piix
[    0.749305] ata1: PATA max UDMA/33 cmd 0x1f0 ctl 0x3f6 bmdma 0xd000 irq 14
[    0.750114] ata2: PATA max UDMA/33 cmd 0x170 ctl 0x376 bmdma 0xd008 irq 15
[    0.751142] libphy: Fixed MDIO Bus: probed
[    0.751997] tun: Universal TUN/TAP device driver, 1.6
[    0.757449] tun: (C) 1999-2004 Max Krasnyansky <maxk@qualcomm.com>
[    0.758464] PPP generic driver version 2.4.2
[    0.759180] ehci_hcd: USB 2.0 'Enhanced' Host Controller (EHCI) Driver
[    0.760037] ehci-pci: EHCI PCI platform driver
[    0.760850] ehci-platform: EHCI generic platform driver
[    0.762268] ohci_hcd: USB 1.1 'Open' Host Controller (OHCI) Driver
[    0.763069] ohci-pci: OHCI PCI platform driver
[    0.763696] ohci-platform: OHCI generic platform driver
[    0.765866] uhci_hcd: USB Universal Host Controller Interface driver
[    0.767493] i8042: PNP: PS/2 Controller [PNP0303:PS2K,PNP0f03:PS2M] at 0x60,0x64 irq 1,12
[    0.769781] serio: i8042 KBD port at 0x60,0x64 irq 1
[    0.771111] serio: i8042 AUX port at 0x60,0x64 irq 12
[    0.772665] mousedev: PS/2 mouse device common for all mice
[    0.774252] input: AT Translated Set 2 keyboard as /devices/platform/i8042/serio0/input/input2
[    0.775695] rtc_cmos rtc_cmos: rtc core: registered rtc_cmos as rtc0
[    0.776554] rtc_cmos rtc_cmos: alarms up to one day, 114 bytes nvram
[    0.777358] i2c /dev entries driver
[    0.778921] device-mapper: uevent: version 1.0.3
[    0.779612] device-mapper: ioctl: 4.34.0-ioctl (2015-10-28) initialised: dm-devel@redhat.com
[    0.780814] ledtrig-cpu: registered to indicate activity on CPUs
[    0.781783] NET: Registered protocol family 10
[    0.782534] NET: Registered protocol family 17
[    0.783684] Key type dns_resolver registered
[    0.784958] registered taskstats version 1
[    0.786443] Loading compiled-in X.509 certificates
[    0.788325] Loaded X.509 cert 'Build time autogenerated kernel key: cf00e047681d67edb2720680708b7d9498083038'
[    0.793605] zswap: loaded using pool lzo/zbud
[    0.795582] Key type trusted registered
[    0.798203] Key type encrypted registered
[    0.798844] AppArmor: AppArmor sha1 policy hashing enabled
[    0.799610] ima: No TPM chip found, activating TPM-bypass!
[    0.800421] ima: Allocated hash algorithm: sha1
[    0.801090] evm: HMAC attrs: 0x1
[    0.801783]   Magic number: 1:847:534
[    0.802992] tty ttyS14: hash matches
[    0.803583] rtc_cmos rtc_cmos: setting system clock to 2021-12-26 13:31:02 UTC (1640525462)
[    0.805599] BIOS EDD facility v0.16 2004-Jun-25, 0 devices found
[    0.807079] EDD information not available.
[    0.930341] Freeing unused kernel memory: 1492K
[    0.931070] Write protecting the kernel read-only data: 14336k
[    0.932535] Freeing unused kernel memory: 1584K
[    0.933781] Freeing unused kernel memory: 52K
Loading, please wait...
starting version 229
[    0.942664] random: udevadm: uninitialized urandom read (16 bytes read, 2 bits of entropy available)
[    0.943854] random: udevadm: uninitialized urandom read (16 bytes read, 2 bits of entropy available)
[    0.946606] random: systemd-udevd: uninitialized urandom read (16 bytes read, 2 bits of entropy available)
[    0.947921] random: systemd-udevd: uninitialized urandom read (16 bytes read, 2 bits of entropy available)
[    0.949229] random: systemd-udevd: uninitialized urandom read (16 bytes read, 2 bits of entropy available)
[    0.960537] random: systemd-udevd: uninitialized urandom read (16 bytes read, 2 bits of entropy available)
[    0.963024] random: systemd-udevd: uninitialized urandom read (16 bytes read, 2 bits of entropy available)
[    0.965572] random: udevadm: uninitialized urandom read (16 bytes read, 2 bits of entropy available)
[    0.967885] random: udevadm: uninitialized urandom read (16 bytes read, 2 bits of entropy available)
[    0.971396] random: systemd-udevd: uninitialized urandom read (16 bytes read, 2 bits of entropy available)
[    1.039271] e1000: Intel(R) PRO/1000 Network Driver - version 7.3.21-k8-NAPI
[    1.041200] e1000: Copyright (c) 1999-2006 Intel Corporation.
[    1.046716] Fusion MPT base driver 3.04.20
[    1.047336] Copyright (c) 1999-2008 LSI Corporation
[    1.055854] Fusion MPT SPI Host driver 3.04.20
[    1.090785] AVX2 version of gcm_enc/dec engaged.
[    1.091470] AES CTR mode by8 optimization enabled
[    1.256642] input: ImExPS/2 Generic Explorer Mouse as /devices/platform/i8042/serio1/input/input4
[    1.402580] e1000 0000:00:03.0 eth0: (PCI:33MHz:32-bit) 02:be:82:6b:cc:1d
[    1.405244] e1000 0000:00:03.0 eth0: Intel(R) PRO/1000 Network Connection
[    1.406537] mptbase: ioc0: Initiating bringup
[    1.467825] ioc0: LSI53C1030 A0: Capabilities={Initiator}
[    1.629733] scsi host2: ioc0: LSI53C1030 A0, FwRev=00000000h, Ports=1, MaxQ=256, IRQ=20
[    1.745742] scsi 2:0:0:0: Direct-Access     VBOX     HARDDISK         1.0  PQ: 0 ANSI: 5
[    1.748224] scsi target2:0:0: Beginning Domain Validation
[    1.750416] scsi target2:0:0: Domain Validation skipping write tests
[    1.752597] scsi target2:0:0: Ending Domain Validation
[    1.754764] scsi target2:0:0: asynchronous
[    1.756735] scsi 2:0:1:0: Direct-Access     VBOX     HARDDISK         1.0  PQ: 0 ANSI: 5
[    1.764630] scsi target2:0:1: Beginning Domain Validation
[    1.766042] scsi target2:0:1: Domain Validation skipping write tests
[    1.766930] scsi target2:0:1: Ending Domain Validation
[    1.767621] scsi target2:0:1: asynchronous
[    1.770344] sd 2:0:0:0: Attached scsi generic sg0 type 0
[    1.771143] sd 2:0:0:0: [sda] 83886080 512-byte logical blocks: (42.9 GB/40.0 GiB)
[    1.772648] sd 2:0:1:0: [sdb] 20480 512-byte logical blocks: (10.5 MB/10.0 MiB)
[    1.774180] sd 2:0:1:0: Attached scsi generic sg1 type 0
[    1.775176] sd 2:0:1:0: [sdb] Write Protect is off
[    1.775854] sd 2:0:0:0: [sda] Write Protect is off
[    1.780634] sd 2:0:1:0: [sdb] Incomplete mode parameter data
[    1.781408] sd 2:0:1:0: [sdb] Assuming drive cache: write through
[    1.786037] sd 2:0:0:0: [sda] Incomplete mode parameter data
[    1.786768] sd 2:0:0:0: [sda] Assuming drive cache: write through
[    1.792327]  sda: sda1
[    1.793255] sd 2:0:0:0: [sda] Attached SCSI disk
[    1.793920] sd 2:0:1:0: [sdb] Attached SCSI disk
[    2.096395] e1000 0000:00:08.0 eth1: (PCI:33MHz:32-bit) 08:00:27:c6:31:21
[    2.097280] e1000 0000:00:08.0 eth1: Intel(R) PRO/1000 Network Connection
[    2.098984] e1000 0000:00:08.0 enp0s8: renamed from eth1
[    2.100991] e1000 0000:00:03.0 enp0s3: renamed from eth0
Begin: Loading essential drivers ... [    3.311784] md: linear personality registered for level -1
[    3.315116] md: multipath personality registered for level -4
[    3.318147] md: raid0 personality registered for level 0
[    3.322160] md: raid1 personality registered for level 1
[    3.400824] raid6: sse2x1   gen() 12737 MB/s
[    3.476838] raid6: sse2x1   xor() 10380 MB/s
[    3.548703] raid6: sse2x2   gen() 17887 MB/s
[    3.620830] raid6: sse2x2   xor() 11049 MB/s
[    3.692818] raid6: sse2x4   gen() 19244 MB/s
[    3.760087] raid6: sse2x4   xor() 12329 MB/s
[    3.840335] raid6: avx2x1   gen() 28166 MB/s
[    3.920346] raid6: avx2x2   gen() 32863 MB/s
[    3.991225] raid6: avx2x4   gen() 35820 MB/s
[    3.992335] raid6: using algorithm avx2x4 gen() 35820 MB/s
[    3.993544] raid6: using avx2x2 recovery algorithm
[    3.996269] xor: automatically using best checksumming function:
[    4.040798]    avx       : 67314.000 MB/sec
[    4.043429] async_tx: api initialized (async)
[    4.056284] md: raid6 personality registered for level 6
[    4.059675] md: raid5 personality registered for level 5
[    4.060428] md: raid4 personality registered for level 4
[    4.066675] md: raid10 personality registered for level 10
done.
Begin: Running /scripts/init-premount ... done.
Begin: Mounting root file system ... Begin: Running /scripts/local-top ... done.
Begin: Running /scripts/local-premount ... [    4.098920] Btrfs loaded
Scanning for Btrfs filesystems
done.
Warning: fsck not present, so skipping root file system
[    4.123257] EXT4-fs (sda1): INFO: recovery required on readonly filesystem
[    4.125157] EXT4-fs (sda1): write access will be enabled during recovery
[    4.161950] EXT4-fs (sda1): recovery complete
[    4.163199] EXT4-fs (sda1): mounted filesystem with ordered data mode. Opts: (null)
done.
Begin: Running /scripts/local-bottom ... done.
Begin: Running /scripts/init-bottom ... done.
[    4.268694] systemd[1]: systemd 229 running in system mode. (+PAM +AUDIT +SELINUX +IMA +APPARMOR +SMACK +SYSVINIT +UTMP +LIBCRYPTSETUP +GCRYPT +GNUTLS +ACL +XZ -LZ4 +SECCOMP +BLKID +ELFUTILS +KMOD -IDN)
[    4.272463] systemd[1]: Detected virtualization oracle.
[    4.274457] systemd[1]: Detected architecture x86-64.

Welcome to [1mUbuntu 16.04.7 LTS[0m!

[    4.277655] systemd[1]: Set hostname to <ubuntu-xenial>.
[    4.415869] systemd[1]: Listening on Journal Socket.
[[0;32m  OK  [0m] Listening on Journal Socket.
[    4.417655] systemd[1]: Reached target Encrypted Volumes.
[[0;32m  OK  [0m] Reached target Encrypted Volumes.
[    4.419280] systemd[1]: Set up automount Arbitrary Executable File Formats File System Automount Point.
[[0;32m  OK  [0m] Set up automount Arbitrary Executab...ats File System Automount Point.
[    4.421915] systemd[1]: Listening on udev Kernel Socket.
[[0;32m  OK  [0m] Listening on udev Kernel Socket.
[    4.424435] systemd[1]: Listening on Journal Audit Socket.
[[0;32m  OK  [0m] Listening on Journal Audit Socket.
[    4.427117] systemd[1]: Created slice System Slice.
[[0;32m  OK  [0m] Created slice System Slice.
[    4.428430] systemd[1]: Created slice system-serial\x2dgetty.slice.
[[0;32m  OK  [0m] Created slice system-serial\x2dgetty.slice.
[    4.430475] systemd[1]: Starting Create list of required static device nodes for the current kernel...
         Starting Create list of required st... nodes for the current kernel...
[    4.433102] systemd[1]: Starting Uncomplicated firewall...
         Starting Uncomplicated firewall...
[    4.435360] systemd[1]: Mounting POSIX Message Queue File System...
         Mounting POSIX Message Queue File System...
[    4.448307] systemd[1]: Mounting Debug File System...
         Mounting Debug File System...
[    4.449746] systemd[1]: Listening on Syslog Socket.
[[0;32m  OK  [0m] Listening on Syslog Socket.
[    4.452054] systemd[1]: Reached target User and Group Name Lookups.
[[0;32m  OK  [0m] Reached target User and Group Name Lookups.
[    4.453460] systemd[1]: Listening on LVM2 metadata daemon socket.
[[0;32m  OK  [0m] Listening on LVM2 metadata daemon socket.
[    4.457187] systemd[1]: Starting Set console keymap...
         Starting Set console keymap...
[    4.461618] systemd[1]: Created slice User and Session Slice.
[[0;32m  OK  [0m] Created slice User and Session Slice.
[    4.465570] systemd[1]: Listening on udev Control Socket.
[[0;32m  OK  [0m] Listening on udev Control Socket.
[    4.467847] systemd[1]: Listening on Journal Socket (/dev/log).
[[0;32m  OK  [0m] Listening on Journal Socket (/dev/log).
[    4.478142] systemd[1]: Starting Journal Service...
         Starting Journal Service...
[    4.479837] systemd[1]: Listening on Device-mapper event daemon FIFOs.
[[0;32m  OK  [0m] Listening on Device-mapper event daemon FIFOs.
[    4.482074] systemd[1]: Starting Monitoring of LVM2 mirrors, snapshots etc. using dmeventd or progress polling...
         Starting Monitoring of LVM2 mirrors... dmeventd or progress polling...
[    4.495941] systemd[1]: Listening on LVM2 poll daemon socket.
[[0;32m  OK  [0m] Listening on LVM2 poll daemon socket.
[    4.497990] systemd[1]: Starting Nameserver information manager...
         Starting Nameserver information manager...
[    4.499458] systemd[1]: Started Forward Password Requests to Wall Directory Watch.
[[0;32m  OK  [0m] Started Forward Password Requests to Wall Directory Watch.
[    4.509079] systemd[1]: Listening on /dev/initctl Compatibility Named Pipe.
[[0;32m  OK  [0m] Listening on /dev/initctl Compatibility Named Pipe.
[    4.516208] systemd[1]: Reached target Swap.
[[0;32m  OK  [0m] Reached target Swap.
[    4.517207] systemd[1]: Listening on fsck to fsckd communication Socket.
[[0;32m  OK  [0m] Listening on fsck to fsckd communication Socket.
[    4.519738] systemd[1]: Starting File System Check on Root Device...
         Starting File System Check on Root Device...
[    4.526347] systemd[1]: Started Trigger resolvconf update for networkd DNS.
[[0;32m  OK  [0m] Started Trigger resolvconf update for networkd DNS.
[    4.529895] systemd[1]: Reached target Slices.
[[0;32m  OK  [0m] Reached target Slices.
[    4.531326] systemd[1]: Reached target System Time Synchronized.
[[0;32m  OK  [0m] Reached target System Time Synchronized.
[    4.534606] systemd[1]: Starting Load Kernel Modules...
         Starting Load Kernel Modules...
[    4.545168] Loading iSCSI transport class v2.0-870.
[    4.546594] systemd[1]: Mounting Huge Pages File System...
         Mounting Huge Pages File System...
[    4.550195] systemd[1]: Mounted POSIX Message Queue File System.
[[0;32m  OK  [0m] Mounted POSIX Message Queue File System.
[    4.555997] systemd[1]: Mounted Debug File System.
[[0;32m  OK  [0m] Mounted Debug File System.
[    4.564154] systemd[1]: Mounted Huge Pages File System.
[[0;32m  OK  [0m] Mounted Huge Pages File System.
[    4.566127] systemd[1]: Started Create list of required static device nodes for the current kernel.
[[    4.567945] iscsi: registered transport (tcp)
[0;32m  OK  [0m] Started Create list of required sta...ce nodes for the current kernel.
[    4.572606] systemd[1]: Started Uncomplicated firewall.
[[0;32m  OK  [0m] Started Uncomplicated firewall.
[    4.575605] systemd[1]: Started Set console keymap.
[[0;32m  OK  [0m] Started Set console keymap.
[    4.578469] systemd[1]: Started File System Check on Root Device.
[[0;32m  OK  [0m] Started File System Check on Root Device.
[    4.584704] systemd[1]: Started Journal Service.
[[0;32m  OK  [0m] Started Journal Service.
[[0;32m  OK  [0m] Started Nameserver information manager.
[[0;32m  OK  [0m] Started LVM2 metadata daemon.
[[0;32m  OK  [0m] Started File System Check Daemon to report status.
         Starting Remount Root and Kernel File Systems...
         Starting Create Static Device Nodes in /dev...
[    4.611874] EXT4-fs (sda1): re-mounted. Opts: (null)
[[0;32m  OK  [0m] Started Remount Root and Kernel File Systems.
         Starting udev Coldplug all Devices...
         Starting Load/Save Random Seed...
         Starting Flush Journal to Persistent Storage...
[[0;32m  OK  [0m] Started Load/Save Random Seed.
[    4.641668] systemd-journald[396]: Received request to flush runtime journal from PID 1
[[0;32m  OK  [0m] Started Flush Journal to Persistent Storage.
[    4.666282] iscsi: registered transport (iser)
[[0;32m  OK  [0m] Started Create Static Device Nodes in /dev.
[[0;32m  OK  [0m] Started Load Kernel Modules.
         Starting Apply Kernel Variables...
         Mounting FUSE Control File System...
         Starting udev Kernel Device Manager...
[[0;32m  OK  [0m] Mounted FUSE Control File System.
[[0;32m  OK  [0m] Started Apply Kernel Variables.
[[0;32m  OK  [0m] Started udev Coldplug all Devices.
[[0;32m  OK  [0m] Started udev Kernel Device Manager.
[[0;32m  OK  [0m] Started Dispatch Password Requests to Console Directory Watch.
[[0;32m  OK  [0m] Found device /dev/ttyS0.
[[0;32m  OK  [0m] Listening on Load/Save RF Kill Switch Status /dev/rfkill Watch.
[[0;32m  OK  [0m] Started Monitoring of LVM2 mirrors,...ng dmeventd or progress polling.
[[0;32m  OK  [0m] Reached target Local File Systems (Pre).
[[0;32m  OK  [0m] Reached target Local File Systems.
         Starting Initial cloud-init job (pre-networking)...
         Starting Tell Plymouth To Write Out Runtime Data...
         Starting Create Volatile Files and Directories...
         Starting Set console font and keymap...
         Starting LSB: AppArmor initialization...
[[0;32m  OK  [0m] Started Tell Plymouth To Write Out Runtime Data.
[[0;32m  OK  [0m] Started Create Volatile Files and Directories.
         Starting Update UTMP about System Boot/Shutdown...
[[0;32m  OK  [0m] Started Update UTMP about System Boot/Shutdown.
[[0;32m  OK  [0m] Found device 82540EM Gigabit Ethern...r (PRO/1000 MT Desktop Adapter).
[[0;32m  OK  [0m] Found device 82540EM Gigabit Ethern...r (PRO/1000 MT Desktop Adapter).
[[0;32m  OK  [0m] Started LSB: AppArmor initialization.
         Starting Load AppArmor profiles managed internally by snapd...
[[0;32m  OK  [0m] Started Load AppArmor profiles managed internally by snapd.
[[0;32m  OK  [0m] Started Set console font and keymap.
[[0;32m  OK  [0m] Created slice system-getty.slice.
[    6.046167] cloud-init[602]: Cloud-init v. 21.1-19-gbad84ad4-0ubuntu1~16.04.2 running 'init-local' at Sun, 26 Dec 2021 13:31:07 +0000. Up 5.79 seconds.
[[0;32m  OK  [0m] Started Initial cloud-init job (pre-networking).
[[0;32m  OK  [0m] Reached target Network (Pre).
[[0;32m  OK  [0m] Started ifup for enp0s3.
         Starting Raise network interfaces...
[[0;32m  OK  [0m] Started ifup for enp0s8.
[[0;32m  OK  [0m] Started Raise network interfaces.
[[0;32m  OK  [0m] Reached target Network.
         Starting Initial cloud-init job (metadata service crawler)...
[   10.535658] cloud-init[1098]: Cloud-init v. 21.1-19-gbad84ad4-0ubuntu1~16.04.2 running 'init' at Sun, 26 Dec 2021 13:31:12 +0000. Up 10.34 seconds.
[   10.537995] cloud-init[1098]: ci-info: ++++++++++++++++++++++++++++++++++++++Net device info+++++++++++++++++++++++++++++++++++++++
[   10.545682] cloud-init[1098]: ci-info: +--------+------+-----------------------------+---------------+--------+-------------------+
[   10.552530] cloud-init[1098]: ci-info: | Device |  Up  |           Address           |      Mask     | Scope  |     Hw-Address    |
[   10.553719] cloud-init[1098]: ci-info: +--------+------+-----------------------------+---------------+--------+-------------------+
[   10.554840] cloud-init[1098]: ci-info: | enp0s3 | True |          10.0.2.15          | 255.255.255.0 | global | 02:be:82:6b:cc:1d |
[   10.556236] cloud-init[1098]: ci-info: | enp0s3 | True |  fe80::be:82ff:fe6b:cc1d/64 |       .       |  link  | 02:be:82:6b:cc:1d |
[   10.557383] cloud-init[1098]: ci-info: | enp0s8 | True |        192.168.56.10        | 255.255.255.0 | global | 08:00:27:c6:31:21 |
[   10.561672] cloud-init[1098]: ci-info: | enp0s8 | True | fe80::a00:27ff:fec6:3121/64 |       .       |  link  | 08:00:27:c6:31:21 |
[   10.562532] cloud-init[1098]: ci-info: |   lo   | True |          127.0.0.1          |   255.0.0.0   |  host  |         .         |
[   10.564291] cloud-init[1098]: ci-info: |   lo   | True |           ::1/128           |       .       |  host  |         .         |
[   10.568646] cloud-init[1098]: ci-info: +--------+------+-----------------------------+---------------+--------+-------------------+
[   10.570085] cloud-init[1098]: ci-info: ++++++++++++++++++++++++++++Route IPv4 info++++++++++++++++++++++++++++
[   10.570999] cloud-init[1098]: ci-info: +-------+--------------+----------+---------------+-----------+-------+
[   10.571904] cloud-init[1098]: ci-info: | Route | Destination  | Gateway  |    Genmask    | Interface | Flags |
[   10.576405] cloud-init[1098]: ci-info: +-------+--------------+----------+---------------+-----------+-------+
[   10.577248] cloud-init[1098]: ci-info: |   0   |   0.0.0.0    | 10.0.2.2 |    0.0.0.0    |   enp0s3  |   UG  |
[   10.578016] cloud-init[1098]: ci-info: |   1   |   10.0.2.0   | 0.0.0.0  | 255.255.255.0 |   enp0s3  |   U   |
[   10.579153] cloud-init[1098]: ci-info: |   2   | 192.168.56.0 | 0.0.0.0  | 255.255.255.0 |   enp0s8  |   U   |
[   10.584396] cloud-init[1098]: ci-info: +-------+--------------+----------+---------------+-----------+-------+
[   10.585932] cloud-init[1098]: ci-info: +++++++++++++++++++Route IPv6 info+++++++++++++++++++
[   10.588110] cloud-init[1098]: ci-info: +-------+-------------+---------+-----------+-------+
[   10.589142] cloud-init[1098]: ci-info: | Route | Destination | Gateway | Interface | Flags |
[   10.590061] cloud-init[1098]: ci-info: +-------+-------------+---------+-----------+-------+
[   10.590886] cloud-init[1098]: ci-info: |   0   |  fe80::/64  |    ::   |   enp0s8  |   U   |
[   10.597697] cloud-init[1098]: ci-info: |   1   |  fe80::/64  |    ::   |   enp0s3  |   U   |
[   10.598553] cloud-init[1098]: ci-info: |   6   |   ff00::/8  |    ::   |   enp0s8  |   U   |
[   10.599268] cloud-init[1098]: ci-info: |   7   |   ff00::/8  |    ::   |   enp0s3  |   U   |
[   10.600116] cloud-init[1098]: ci-info: +-------+-------------+---------+-----------+-------+
[[0;32m  OK  [0m] Started Initial cloud-init job (metadata service crawler).
[[0;32m  OK  [0m] Reached target System Initialization.
[[0;32m  OK  [0m] Listening on UUID daemon activation socket.
         Starting Socket activation for snappy daemon.
[[0;32m  OK  [0m] Started Message of the Day.
[[0;32m  OK  [0m] Listening on ACPID Listen Socket.
[[0;32m  OK  [0m] Started ACPI Events Check.
[[0;32m  OK  [0m] Reached target Paths.
[[0;32m  OK  [0m] Started Ubuntu Advantage update messaging.
         Starting LXD - unix socket.
[[0;32m  OK  [0m] Started Daily apt download activities.
[[0;32m  OK  [0m] Started Daily apt upgrade and clean activities.
[[0;32m  OK  [0m] Started Daily Cleanup of Temporary Directories.
[[0;32m  OK  [0m] Reached target Timers.
[[0;32m  OK  [0m] Listening on D-Bus System Message Bus Socket.
[[0;32m  OK  [0m] Reached target Network is Online.
         Starting iSCSI initiator daemon (iscsid)...
[[0;32m  OK  [0m] Reached target Cloud-config availability.
[[0;32m  OK  [0m] Listening on Socket activation for snappy daemon.
[[0;32m  OK  [0m] Listening on LXD - unix socket.
[[0;32m  OK  [0m] Reached target Sockets.
[[0;32m  OK  [0m] Reached target Basic System.
[[0;32m  OK  [0m] Started D-Bus System Message Bus.
         Starting Accounts Service...
         Starting LSB: MD monitoring daemon...
         Starting Virtualbox guest utils...
[[0;32m  OK  [0m] Started FUSE filesystem for LXC.
         Starting Login Service...
         Starting LSB: Record successful boot for GRUB...
[[0;32m  OK  [0m] Started Prometheus.
[[0;32m  OK  [0m] Started ACPI event daemon.
[[0;32m  OK  [0m] Started Regular background program processing daemon.
[[0;32m  OK  [0m] Started Deferred execution scheduler.
         Starting /etc/rc.local Compatibility...
         Starting Message of the Day...
         Starting System Logging Service...
         Starting OpenBSD Secure Shell server...
         Starting Ubuntu Advantage APT and MOTD Messages...
         Starting LXD - container startup/shutdown...
         Starting Snap Daemon...
[[0;32m  OK  [0m] Started /etc/rc.local Compatibility.
[[0;32m  OK  [0m] Started Message of the Day.
[[0;32m  OK  [0m] Started iSCSI initiator daemon (iscsid).
         Starting Login to default iSCSI targets...
[[0;32m  OK  [0m] Started Login to default iSCSI targets.
[[0;32m  OK  [0m] Reached target Remote File Systems (Pre).
         Mounting /vagrant...
[[0;32m  OK  [0m] Started System Logging Service.
[[0;1;31mFAILED[0m] Failed to mount /vagrant.
See 'systemctl status vagrant.mount' for details.
[[0;1;33mDEPEND[0m] Dependency failed for Remote File Systems.
         Starting LSB: automatic crash report generation...
         Starting LSB: Set the CPU Frequency Scaling governor to "ondemand"...
         Starting Permit User Sessions...
         Starting LSB: daemon to balance interrupts for SMP systems...
[[0;32m  OK  [0m] Started Permit User Sessions.
         Starting Hold until boot process finishes up...
         Starting Terminate Plymouth Boot Screen...
[[0;32m  OK  [0m] Started Hold until boot process finishes up.
[[0;32m  OK  [0m] Started Getty on tty1.
[[0;32m  OK  [0m] Started Serial Getty on ttyS0.
[[0;32m  OK  [0m] Reached target Login Prompts.
         Starting Set console scheme...
[[0;32m  OK  [0m] Started Terminate Plymouth Boot Screen.
[[0;32m  OK  [0m] Started Set console scheme.
[[0;32m  OK  [0m] Started Login Service.
[[0;32m  OK  [0m] Started Unattended Upgrades Shutdown.
[[0;32m  OK  [0m] Started LSB: Set the CPU Frequency Scaling governor to "ondemand".
[[0;32m  OK  [0m] Started LSB: Record successful boot for GRUB.
[[0;32m  OK  [0m] Started OpenBSD Secure Shell server.
[[0;32m  OK  [0m] Started LSB: daemon to balance interrupts for SMP systems.
         Starting Authenticate and Authorize Users to Run Privileged Tasks...
[[0;32m  OK  [0m] Started LSB: automatic crash report generation.
[[0;32m  OK  [0m] Started LSB: MD monitoring daemon.
[[0;32m  OK  [0m] Started Authenticate and Authorize Users to Run Privileged Tasks.
[[0;32m  OK  [0m] Started Accounts Service.
[[0;32m  OK  [0m] Started LXD - container startup/shutdown.
[[0;32m  OK  [0m] Started Virtualbox guest utils.
[[0;32m  OK  [0m] Started Snap Daemon.
         Starting Wait until snapd is fully seeded...
[[0;32m  OK  [0m] Started Wait until snapd is fully seeded.
         Starting Apply the settings specified in cloud-config...
[[0;32m  OK  [0m] Reached target Multi-User System.
[[0;32m  OK  [0m] Reached target Graphical Interface.
         Starting Update UTMP about System Runlevel Changes...
[[0;32m  OK  [0m] Started Update UTMP about System Runlevel Changes.
[[0;32m  OK  [0m] Started Ubuntu Advantage APT and MOTD Messages.
[   11.885011] cloud-init[1378]: Cloud-init v. 21.1-19-gbad84ad4-0ubuntu1~16.04.2 running 'modules:config' at Sun, 26 Dec 2021 13:31:13 +0000. Up 11.76 seconds.
[[0;32m  OK  [0m] Started Apply the settings specified in cloud-config.
         Starting Execute cloud user/final scripts...
[   12.259978] cloud-init[1406]: Cloud-init v. 21.1-19-gbad84ad4-0ubuntu1~16.04.2 running 'modules:final' at Sun, 26 Dec 2021 13:31:14 +0000. Up 12.14 seconds.
[   12.261533] cloud-init[1406]: Cloud-init v. 21.1-19-gbad84ad4-0ubuntu1~16.04.2 finished at Sun, 26 Dec 2021 13:31:14 +0000. Datasource DataSourceNoCloud [seed=/dev/sdb][dsmode=net].  Up 12.25 seconds
[[0;32m  OK  [0m] Started Execute cloud user/final scripts.
[[0;32m  OK  [0m] Reached target Cloud-init target.
         Starting Daily apt download activities...

Ubuntu 16.04.7 LTS ubuntu-xenial ttyS0

ubuntu-xenial login: 